Archive member included because of file (symbol)

c:/winavr-20100110/bin/../lib/gcc/avr/4.3.3/avr5\libgcc.a(_exit.o)
                              c:/winavr-20100110/bin/../lib/gcc/avr/4.3.3/../../../../avr/lib/avr5/crtm32.o (exit)
c:/winavr-20100110/bin/../lib/gcc/avr/4.3.3/avr5\libgcc.a(_copy_data.o)
                              ./MCAL/DIO/DIO_prog.o (__do_copy_data)
c:/winavr-20100110/bin/../lib/gcc/avr/4.3.3/avr5\libgcc.a(_clear_bss.o)
                              ./MCAL/INTERRUPT/EXTERNAL_INTERRUPT/EXT_INTERRUPT_Prog.o (__do_clear_bss)

Memory Configuration

Name             Origin             Length             Attributes
text             0x00000000         0x00020000         xr
data             0x00800060         0x0000ffa0         rw !x
eeprom           0x00810000         0x00010000         rw !x
fuse             0x00820000         0x00000400         rw !x
lock             0x00830000         0x00000400         rw !x
signature        0x00840000         0x00000400         rw !x
*default*        0x00000000         0xffffffff

Linker script and memory map

LOAD c:/winavr-20100110/bin/../lib/gcc/avr/4.3.3/../../../../avr/lib/avr5/crtm32.o
LOAD ./MCAL/MCU_CFG/MCU_Prog.o
LOAD ./MCAL/INTERRUPT/EXTERNAL_INTERRUPT/EXT_INTERRUPT_Prog.o
LOAD ./MCAL/DIO/DIO_prog.o
LOAD ./ECU/PUSH_BUTTON/PB_prog.o
LOAD ./ECU/LED/LED_prog.o
LOAD ./APP/APP.o
LOAD ./APP/main.o
LOAD c:/winavr-20100110/bin/../lib/gcc/avr/4.3.3/avr5\libgcc.a
LOAD c:/winavr-20100110/bin/../lib/gcc/avr/4.3.3/../../../../avr/lib/avr5\libc.a
LOAD c:/winavr-20100110/bin/../lib/gcc/avr/4.3.3/avr5\libgcc.a

.hash
 *(.hash)

.dynsym
 *(.dynsym)

.dynstr
 *(.dynstr)

.gnu.version
 *(.gnu.version)

.gnu.version_d
 *(.gnu.version_d)

.gnu.version_r
 *(.gnu.version_r)

.rel.init
 *(.rel.init)

.rela.init
 *(.rela.init)

.rel.text
 *(.rel.text)
 *(.rel.text.*)
 *(.rel.gnu.linkonce.t*)

.rela.text
 *(.rela.text)
 *(.rela.text.*)
 *(.rela.gnu.linkonce.t*)

.rel.fini
 *(.rel.fini)

.rela.fini
 *(.rela.fini)

.rel.rodata
 *(.rel.rodata)
 *(.rel.rodata.*)
 *(.rel.gnu.linkonce.r*)

.rela.rodata
 *(.rela.rodata)
 *(.rela.rodata.*)
 *(.rela.gnu.linkonce.r*)

.rel.data
 *(.rel.data)
 *(.rel.data.*)
 *(.rel.gnu.linkonce.d*)

.rela.data
 *(.rela.data)
 *(.rela.data.*)
 *(.rela.gnu.linkonce.d*)

.rel.ctors
 *(.rel.ctors)

.rela.ctors
 *(.rela.ctors)

.rel.dtors
 *(.rel.dtors)

.rela.dtors
 *(.rela.dtors)

.rel.got
 *(.rel.got)

.rela.got
 *(.rela.got)

.rel.bss
 *(.rel.bss)

.rela.bss
 *(.rela.bss)

.rel.plt
 *(.rel.plt)

.rela.plt
 *(.rela.plt)

.text           0x00000000     0x11be
 *(.vectors)
 .vectors       0x00000000       0x54 c:/winavr-20100110/bin/../lib/gcc/avr/4.3.3/../../../../avr/lib/avr5/crtm32.o
                0x00000000                __vectors
                0x00000000                __vector_default
 *(.vectors)
 *(.progmem.gcc*)
 *(.progmem*)
                0x00000054                . = ALIGN (0x2)
                0x00000054                __trampolines_start = .
 *(.trampolines)
 .trampolines   0x00000054        0x0 linker stubs
 *(.trampolines*)
                0x00000054                __trampolines_end = .
 *(.jumptables)
 *(.jumptables*)
 *(.lowtext)
 *(.lowtext*)
                0x00000054                __ctors_start = .
 *(.ctors)
                0x00000054                __ctors_end = .
                0x00000054                __dtors_start = .
 *(.dtors)
                0x00000054                __dtors_end = .
 SORT(*)(.ctors)
 SORT(*)(.dtors)
 *(.init0)
 .init0         0x00000054        0x0 c:/winavr-20100110/bin/../lib/gcc/avr/4.3.3/../../../../avr/lib/avr5/crtm32.o
                0x00000054                __init
 *(.init0)
 *(.init1)
 *(.init1)
 *(.init2)
 .init2         0x00000054        0xc c:/winavr-20100110/bin/../lib/gcc/avr/4.3.3/../../../../avr/lib/avr5/crtm32.o
 *(.init2)
 *(.init3)
 *(.init3)
 *(.init4)
 .init4         0x00000060       0x16 c:/winavr-20100110/bin/../lib/gcc/avr/4.3.3/avr5\libgcc.a(_copy_data.o)
                0x00000060                __do_copy_data
 .init4         0x00000076       0x10 c:/winavr-20100110/bin/../lib/gcc/avr/4.3.3/avr5\libgcc.a(_clear_bss.o)
                0x00000076                __do_clear_bss
 *(.init4)
 *(.init5)
 *(.init5)
 *(.init6)
 *(.init6)
 *(.init7)
 *(.init7)
 *(.init8)
 *(.init8)
 *(.init9)
 .init9         0x00000086        0x8 c:/winavr-20100110/bin/../lib/gcc/avr/4.3.3/../../../../avr/lib/avr5/crtm32.o
 *(.init9)
 *(.text)
 .text          0x0000008e        0x4 c:/winavr-20100110/bin/../lib/gcc/avr/4.3.3/../../../../avr/lib/avr5/crtm32.o
                0x0000008e                __vector_12
                0x0000008e                __bad_interrupt
                0x0000008e                __vector_6
                0x0000008e                __vector_11
                0x0000008e                __vector_13
                0x0000008e                __vector_17
                0x0000008e                __vector_19
                0x0000008e                __vector_7
                0x0000008e                __vector_5
                0x0000008e                __vector_4
                0x0000008e                __vector_9
                0x0000008e                __vector_15
                0x0000008e                __vector_8
                0x0000008e                __vector_14
                0x0000008e                __vector_10
                0x0000008e                __vector_16
                0x0000008e                __vector_18
                0x0000008e                __vector_20
 .text          0x00000092        0x0 ./MCAL/MCU_CFG/MCU_Prog.o
 .text          0x00000092        0x0 ./MCAL/INTERRUPT/EXTERNAL_INTERRUPT/EXT_INTERRUPT_Prog.o
 .text          0x00000092        0x0 ./MCAL/DIO/DIO_prog.o
 .text          0x00000092        0x0 ./ECU/PUSH_BUTTON/PB_prog.o
 .text          0x00000092        0x0 ./ECU/LED/LED_prog.o
 .text          0x00000092        0x0 ./APP/APP.o
 .text          0x00000092        0x0 ./APP/main.o
 .text          0x00000092        0x0 c:/winavr-20100110/bin/../lib/gcc/avr/4.3.3/avr5\libgcc.a(_exit.o)
 .text          0x00000092        0x0 c:/winavr-20100110/bin/../lib/gcc/avr/4.3.3/avr5\libgcc.a(_copy_data.o)
 .text          0x00000092        0x0 c:/winavr-20100110/bin/../lib/gcc/avr/4.3.3/avr5\libgcc.a(_clear_bss.o)
                0x00000092                . = ALIGN (0x2)
 *(.text.*)
 .text.MCU_vEnableInterrupt
                0x00000092       0x1c ./MCAL/MCU_CFG/MCU_Prog.o
                0x00000092                MCU_vEnableInterrupt
 .text.EXT_vINTERRUPT_Init
                0x000000ae      0x2bc ./MCAL/INTERRUPT/EXTERNAL_INTERRUPT/EXT_INTERRUPT_Prog.o
                0x000000ae                EXT_vINTERRUPT_Init
 .text.EXT_vINTERRUPT_Denit
                0x0000036a       0x96 ./MCAL/INTERRUPT/EXTERNAL_INTERRUPT/EXT_INTERRUPT_Prog.o
                0x0000036a                EXT_vINTERRUPT_Denit
 .text.EXT0_INTERRUPT_SetInterruptHandler
                0x00000400       0x3c ./MCAL/INTERRUPT/EXTERNAL_INTERRUPT/EXT_INTERRUPT_Prog.o
 .text.EXT1_INTERRUPT_SetInterruptHandler
                0x0000043c       0x3c ./MCAL/INTERRUPT/EXTERNAL_INTERRUPT/EXT_INTERRUPT_Prog.o
 .text.EXT2_INTERRUPT_SetInterruptHandler
                0x00000478       0x3c ./MCAL/INTERRUPT/EXTERNAL_INTERRUPT/EXT_INTERRUPT_Prog.o
 .text.EXT_INTERRUPT_SetInterruptHandler
                0x000004b4       0x8a ./MCAL/INTERRUPT/EXTERNAL_INTERRUPT/EXT_INTERRUPT_Prog.o
                0x000004b4                EXT_INTERRUPT_SetInterruptHandler
 .text.__vector_1
                0x0000053e       0x5a ./MCAL/INTERRUPT/EXTERNAL_INTERRUPT/EXT_INTERRUPT_Prog.o
                0x0000053e                __vector_1
 .text.__vector_2
                0x00000598       0x5a ./MCAL/INTERRUPT/EXTERNAL_INTERRUPT/EXT_INTERRUPT_Prog.o
                0x00000598                __vector_2
 .text.__vector_3
                0x000005f2       0x5a ./MCAL/INTERRUPT/EXTERNAL_INTERRUPT/EXT_INTERRUPT_Prog.o
                0x000005f2                __vector_3
 .text.GPIO_pin_direction_intialize
                0x0000064c      0x146 ./MCAL/DIO/DIO_prog.o
                0x0000064c                GPIO_pin_direction_intialize
 .text.GPIO_pin_get_direction_status
                0x00000792       0xa4 ./MCAL/DIO/DIO_prog.o
                0x00000792                GPIO_pin_get_direction_status
 .text.GPIO_pin_write_logic
                0x00000836      0x13c ./MCAL/DIO/DIO_prog.o
                0x00000836                GPIO_pin_write_logic
 .text.GPIO_pin_read_logic
                0x00000972       0xa4 ./MCAL/DIO/DIO_prog.o
                0x00000972                GPIO_pin_read_logic
 .text.GPIO_pin_toggle_logic
                0x00000a16       0xa8 ./MCAL/DIO/DIO_prog.o
                0x00000a16                GPIO_pin_toggle_logic
 .text.GPIO_pin_intialize
                0x00000abe       0x50 ./MCAL/DIO/DIO_prog.o
                0x00000abe                GPIO_pin_intialize
 .text.GPIO_port_direction_intialize
                0x00000b0e       0x48 ./MCAL/DIO/DIO_prog.o
                0x00000b0e                GPIO_port_direction_intialize
 .text.GPIO_port_get_direction_status
                0x00000b56       0x58 ./MCAL/DIO/DIO_prog.o
                0x00000b56                GPIO_port_get_direction_status
 .text.GPIO_port_write_logic
                0x00000bae       0x48 ./MCAL/DIO/DIO_prog.o
                0x00000bae                GPIO_port_write_logic
 .text.GPIO_port_read_logic
                0x00000bf6       0x58 ./MCAL/DIO/DIO_prog.o
                0x00000bf6                GPIO_port_read_logic
 .text.GPIO_port_toggle_logic
                0x00000c4e       0x58 ./MCAL/DIO/DIO_prog.o
                0x00000c4e                GPIO_port_toggle_logic
 .text.PUSH_BTN_intialize
                0x00000ca6       0x36 ./ECU/PUSH_BUTTON/PB_prog.o
                0x00000ca6                PUSH_BTN_intialize
 .text.PUSH_BTN_read_state
                0x00000cdc       0x9a ./ECU/PUSH_BUTTON/PB_prog.o
                0x00000cdc                PUSH_BTN_read_state
 .text.LED_initialize
                0x00000d76       0x98 ./ECU/LED/LED_prog.o
                0x00000d76                LED_initialize
 .text.LED_turn_on
                0x00000e0e       0x9a ./ECU/LED/LED_prog.o
                0x00000e0e                LED_turn_on
 .text.LED_turn_off
                0x00000ea8       0x9a ./ECU/LED/LED_prog.o
                0x00000ea8                LED_turn_off
 .text.LED_toggle
                0x00000f42       0x98 ./ECU/LED/LED_prog.o
                0x00000f42                LED_toggle
 .text.appmain  0x00000fda      0x1b6 ./APP/APP.o
                0x00000fda                appmain
 .text.con      0x00001190       0x18 ./APP/APP.o
                0x00001190                con
 .text.main     0x000011a8       0x12 ./APP/main.o
                0x000011a8                main
 .text.libgcc   0x000011ba        0x0 c:/winavr-20100110/bin/../lib/gcc/avr/4.3.3/avr5\libgcc.a(_exit.o)
 .text.libgcc   0x000011ba        0x0 c:/winavr-20100110/bin/../lib/gcc/avr/4.3.3/avr5\libgcc.a(_copy_data.o)
 .text.libgcc   0x000011ba        0x0 c:/winavr-20100110/bin/../lib/gcc/avr/4.3.3/avr5\libgcc.a(_clear_bss.o)
                0x000011ba                . = ALIGN (0x2)
 *(.fini9)
 .fini9         0x000011ba        0x0 c:/winavr-20100110/bin/../lib/gcc/avr/4.3.3/avr5\libgcc.a(_exit.o)
                0x000011ba                exit
                0x000011ba                _exit
 *(.fini9)
 *(.fini8)
 *(.fini8)
 *(.fini7)
 *(.fini7)
 *(.fini6)
 *(.fini6)
 *(.fini5)
 *(.fini5)
 *(.fini4)
 *(.fini4)
 *(.fini3)
 *(.fini3)
 *(.fini2)
 *(.fini2)
 *(.fini1)
 *(.fini1)
 *(.fini0)
 .fini0         0x000011ba        0x4 c:/winavr-20100110/bin/../lib/gcc/avr/4.3.3/avr5\libgcc.a(_exit.o)
 *(.fini0)
                0x000011be                _etext = .

.data           0x00800060       0x24 load address 0x000011be
                0x00800060                PROVIDE (__data_start, .)
 *(.data)
 .data          0x00800060        0x0 c:/winavr-20100110/bin/../lib/gcc/avr/4.3.3/../../../../avr/lib/avr5/crtm32.o
 .data          0x00800060        0x0 ./MCAL/MCU_CFG/MCU_Prog.o
 .data          0x00800060        0x0 ./MCAL/INTERRUPT/EXTERNAL_INTERRUPT/EXT_INTERRUPT_Prog.o
 .data          0x00800060        0x0 ./MCAL/DIO/DIO_prog.o
 .data          0x00800060        0x0 ./ECU/PUSH_BUTTON/PB_prog.o
 .data          0x00800060        0x0 ./ECU/LED/LED_prog.o
 .data          0x00800060        0x0 ./APP/APP.o
 .data          0x00800060        0x0 ./APP/main.o
 .data          0x00800060        0x0 c:/winavr-20100110/bin/../lib/gcc/avr/4.3.3/avr5\libgcc.a(_exit.o)
 .data          0x00800060        0x0 c:/winavr-20100110/bin/../lib/gcc/avr/4.3.3/avr5\libgcc.a(_copy_data.o)
 .data          0x00800060        0x0 c:/winavr-20100110/bin/../lib/gcc/avr/4.3.3/avr5\libgcc.a(_clear_bss.o)
 *(.data*)
 .data.ddr_registers
                0x00800060        0x8 ./MCAL/DIO/DIO_prog.o
                0x00800060                ddr_registers
 .data.port_registers
                0x00800068        0x8 ./MCAL/DIO/DIO_prog.o
                0x00800068                port_registers
 .data.pin_registers
                0x00800070        0x8 ./MCAL/DIO/DIO_prog.o
                0x00800070                pin_registers
 .data.led0     0x00800078        0x1 ./APP/APP.o
                0x00800078                led0
 .data.led1     0x00800079        0x1 ./APP/APP.o
                0x00800079                led1
 .data.led2     0x0080007a        0x1 ./APP/APP.o
                0x0080007a                led2
 .data.led3     0x0080007b        0x1 ./APP/APP.o
                0x0080007b                led3
 .data.btn0     0x0080007c        0x3 ./APP/APP.o
                0x0080007c                btn0
 .data.int0     0x0080007f        0x4 ./APP/APP.o
                0x0080007f                int0
 *(.rodata)
 *(.rodata*)
 *(.gnu.linkonce.d*)
                0x00800084                . = ALIGN (0x2)
 *fill*         0x00800083        0x1 00
                0x00800084                _edata = .
                0x00800084                PROVIDE (__data_end, .)

.bss            0x00800084        0x7
                0x00800084                PROVIDE (__bss_start, .)
 *(.bss)
 .bss           0x00800084        0x0 c:/winavr-20100110/bin/../lib/gcc/avr/4.3.3/../../../../avr/lib/avr5/crtm32.o
 .bss           0x00800084        0x0 ./MCAL/MCU_CFG/MCU_Prog.o
 .bss           0x00800084        0x0 ./MCAL/INTERRUPT/EXTERNAL_INTERRUPT/EXT_INTERRUPT_Prog.o
 .bss           0x00800084        0x0 ./MCAL/DIO/DIO_prog.o
 .bss           0x00800084        0x0 ./ECU/PUSH_BUTTON/PB_prog.o
 .bss           0x00800084        0x0 ./ECU/LED/LED_prog.o
 .bss           0x00800084        0x0 ./APP/APP.o
 .bss           0x00800084        0x0 ./APP/main.o
 .bss           0x00800084        0x0 c:/winavr-20100110/bin/../lib/gcc/avr/4.3.3/avr5\libgcc.a(_exit.o)
 .bss           0x00800084        0x0 c:/winavr-20100110/bin/../lib/gcc/avr/4.3.3/avr5\libgcc.a(_copy_data.o)
 .bss           0x00800084        0x0 c:/winavr-20100110/bin/../lib/gcc/avr/4.3.3/avr5\libgcc.a(_clear_bss.o)
 *(.bss*)
 .bss.INT0_InterruptHandler
                0x00800084        0x2 ./MCAL/INTERRUPT/EXTERNAL_INTERRUPT/EXT_INTERRUPT_Prog.o
 .bss.INT1_InterruptHandler
                0x00800086        0x2 ./MCAL/INTERRUPT/EXTERNAL_INTERRUPT/EXT_INTERRUPT_Prog.o
 .bss.INT2_InterruptHandler
                0x00800088        0x2 ./MCAL/INTERRUPT/EXTERNAL_INTERRUPT/EXT_INTERRUPT_Prog.o
 .bss.pressCounterFlag
                0x0080008a        0x1 ./APP/APP.o
                0x0080008a                pressCounterFlag
 *(COMMON)
                0x0080008b                PROVIDE (__bss_end, .)
                0x000011be                __data_load_start = LOADADDR (.data)
                0x000011e2                __data_load_end = (__data_load_start + SIZEOF (.data))

.noinit         0x0080008b        0x0
                0x0080008b                PROVIDE (__noinit_start, .)
 *(.noinit*)
                0x0080008b                PROVIDE (__noinit_end, .)
                0x0080008b                _end = .
                0x0080008b                PROVIDE (__heap_start, .)

.eeprom         0x00810000        0x0
 *(.eeprom*)
                0x00810000                __eeprom_end = .

.fuse
 *(.fuse)
 *(.lfuse)
 *(.hfuse)
 *(.efuse)

.lock
 *(.lock*)

.signature
 *(.signature*)

.stab           0x00000000     0x2b98
 *(.stab)
 .stab          0x00000000      0x234 ./MCAL/MCU_CFG/MCU_Prog.o
 .stab          0x00000234      0xa44 ./MCAL/INTERRUPT/EXTERNAL_INTERRUPT/EXT_INTERRUPT_Prog.o
                                0xa50 (size before relaxing)
 .stab          0x00000c78      0xa08 ./MCAL/DIO/DIO_prog.o
                                0xa14 (size before relaxing)
 .stab          0x00001680      0x4b0 ./ECU/PUSH_BUTTON/PB_prog.o
                                0x4bc (size before relaxing)
 .stab          0x00001b30      0x5d0 ./ECU/LED/LED_prog.o
                                0x5dc (size before relaxing)
 .stab          0x00002100      0x8f4 ./APP/APP.o
                                0x900 (size before relaxing)
 .stab          0x000029f4      0x1a4 ./APP/main.o
                                0x624 (size before relaxing)

.stabstr        0x00000000     0x288e
 *(.stabstr)
 .stabstr       0x00000000     0x288e ./MCAL/MCU_CFG/MCU_Prog.o

.stab.excl
 *(.stab.excl)

.stab.exclstr
 *(.stab.exclstr)

.stab.index
 *(.stab.index)

.stab.indexstr
 *(.stab.indexstr)

.comment
 *(.comment)

.debug
 *(.debug)

.line
 *(.line)

.debug_srcinfo
 *(.debug_srcinfo)

.debug_sfnames
 *(.debug_sfnames)

.debug_aranges
 *(.debug_aranges)

.debug_pubnames
 *(.debug_pubnames)

.debug_info
 *(.debug_info)
 *(.gnu.linkonce.wi.*)

.debug_abbrev
 *(.debug_abbrev)

.debug_line
 *(.debug_line)

.debug_frame
 *(.debug_frame)

.debug_str
 *(.debug_str)

.debug_loc
 *(.debug_loc)

.debug_macinfo
 *(.debug_macinfo)
OUTPUT(Led_Sequance_V2.0.elf elf32-avr)
LOAD linker stubs
