Component: Arm Compiler for Embedded 6.19 Tool: armlink [5e73cb00]

==============================================================================

Section Cross References

    dio_prog.o(.text.GPIO_init) refers to dio_prog.o(.text.GPIO_setPinCallbackHandelr) for GPIO_setPinCallbackHandelr
    dio_prog.o(.text.GPIO_init) refers to dio_prog.o(.text.GPIO_interruptPortEnable) for GPIO_interruptPortEnable
    dio_prog.o(.ARM.exidx.text.GPIO_init) refers to dio_prog.o(.text.GPIO_init) for [Anonymous Symbol]
    dio_prog.o(.text.GPIO_setPinCallbackHandelr) refers to dio_prog.o(.bss.GPIO_ptrFuncportaIrqCallback) for GPIO_ptrFuncportaIrqCallback
    dio_prog.o(.text.GPIO_setPinCallbackHandelr) refers to dio_prog.o(.bss.GPIO_ptrFuncportbIrqCallback) for GPIO_ptrFuncportbIrqCallback
    dio_prog.o(.text.GPIO_setPinCallbackHandelr) refers to dio_prog.o(.bss.GPIO_ptrFuncportcIrqCallback) for GPIO_ptrFuncportcIrqCallback
    dio_prog.o(.text.GPIO_setPinCallbackHandelr) refers to dio_prog.o(.bss.GPIO_ptrFuncportdIrqCallback) for GPIO_ptrFuncportdIrqCallback
    dio_prog.o(.text.GPIO_setPinCallbackHandelr) refers to dio_prog.o(.bss.GPIO_ptrFuncporteIrqCallback) for GPIO_ptrFuncporteIrqCallback
    dio_prog.o(.text.GPIO_setPinCallbackHandelr) refers to dio_prog.o(.bss.GPIO_ptrFuncportfIrqCallback) for GPIO_ptrFuncportfIrqCallback
    dio_prog.o(.ARM.exidx.text.GPIO_setPinCallbackHandelr) refers to dio_prog.o(.text.GPIO_setPinCallbackHandelr) for [Anonymous Symbol]
    dio_prog.o(.text.GPIO_interruptPortEnable) refers to dio_prog.o(.text.__NVIC_EnableIRQ) for __NVIC_EnableIRQ
    dio_prog.o(.ARM.exidx.text.GPIO_interruptPortEnable) refers to dio_prog.o(.text.GPIO_interruptPortEnable) for [Anonymous Symbol]
    dio_prog.o(.ARM.exidx.text.GPIO_portDeinit) refers to dio_prog.o(.text.GPIO_portDeinit) for [Anonymous Symbol]
    dio_prog.o(.ARM.exidx.text.GPIO_writeLogic) refers to dio_prog.o(.text.GPIO_writeLogic) for [Anonymous Symbol]
    dio_prog.o(.ARM.exidx.text.GPIO_readLogic) refers to dio_prog.o(.text.GPIO_readLogic) for [Anonymous Symbol]
    dio_prog.o(.ARM.exidx.text.GPIO_toggleLogic) refers to dio_prog.o(.text.GPIO_toggleLogic) for [Anonymous Symbol]
    dio_prog.o(.ARM.exidx.text.GPIO_setDirection) refers to dio_prog.o(.text.GPIO_setDirection) for [Anonymous Symbol]
    dio_prog.o(.ARM.exidx.text.__NVIC_EnableIRQ) refers to dio_prog.o(.text.__NVIC_EnableIRQ) for [Anonymous Symbol]
    dio_prog.o(.text.GPIO_interruptPortDisable) refers to dio_prog.o(.text.__NVIC_DisableIRQ) for __NVIC_DisableIRQ
    dio_prog.o(.ARM.exidx.text.GPIO_interruptPortDisable) refers to dio_prog.o(.text.GPIO_interruptPortDisable) for [Anonymous Symbol]
    dio_prog.o(.ARM.exidx.text.__NVIC_DisableIRQ) refers to dio_prog.o(.text.__NVIC_DisableIRQ) for [Anonymous Symbol]
    dio_prog.o(.text.GPIOA_Handler) refers to dio_prog.o(.bss.GPIO_ptrFuncportaIrqCallback) for GPIO_ptrFuncportaIrqCallback
    dio_prog.o(.ARM.exidx.text.GPIOA_Handler) refers to dio_prog.o(.text.GPIOA_Handler) for [Anonymous Symbol]
    dio_prog.o(.text.GPIOB_Handler) refers to dio_prog.o(.bss.GPIO_ptrFuncportbIrqCallback) for GPIO_ptrFuncportbIrqCallback
    dio_prog.o(.ARM.exidx.text.GPIOB_Handler) refers to dio_prog.o(.text.GPIOB_Handler) for [Anonymous Symbol]
    dio_prog.o(.text.GPIOC_Handler) refers to dio_prog.o(.bss.GPIO_ptrFuncportcIrqCallback) for GPIO_ptrFuncportcIrqCallback
    dio_prog.o(.ARM.exidx.text.GPIOC_Handler) refers to dio_prog.o(.text.GPIOC_Handler) for [Anonymous Symbol]
    dio_prog.o(.text.GPIOD_Handler) refers to dio_prog.o(.bss.GPIO_ptrFuncportdIrqCallback) for GPIO_ptrFuncportdIrqCallback
    dio_prog.o(.ARM.exidx.text.GPIOD_Handler) refers to dio_prog.o(.text.GPIOD_Handler) for [Anonymous Symbol]
    dio_prog.o(.text.GPIOE_Handler) refers to dio_prog.o(.bss.GPIO_ptrFuncporteIrqCallback) for GPIO_ptrFuncporteIrqCallback
    dio_prog.o(.ARM.exidx.text.GPIOE_Handler) refers to dio_prog.o(.text.GPIOE_Handler) for [Anonymous Symbol]
    dio_prog.o(.text.GPIOF_Handler) refers to dio_prog.o(.bss.GPIO_ptrFuncportfIrqCallback) for GPIO_ptrFuncportfIrqCallback
    dio_prog.o(.ARM.exidx.text.GPIOF_Handler) refers to dio_prog.o(.text.GPIOF_Handler) for [Anonymous Symbol]
    main.o(.text.main) refers to app.o(.text.app_init) for app_init
    main.o(.text.main) refers to app.o(.text.app_superloop) for app_superloop
    main.o(.ARM.exidx.text.main) refers to main.o(.text.main) for [Anonymous Symbol]
    led_prog.o(.text.LED_initialize) refers to dio_prog.o(.text.GPIO_init) for GPIO_init
    led_prog.o(.ARM.exidx.text.LED_initialize) refers to led_prog.o(.text.LED_initialize) for [Anonymous Symbol]
    led_prog.o(.text.LED_turnOn) refers to dio_prog.o(.text.GPIO_writeLogic) for GPIO_writeLogic
    led_prog.o(.ARM.exidx.text.LED_turnOn) refers to led_prog.o(.text.LED_turnOn) for [Anonymous Symbol]
    led_prog.o(.text.LED_turnOff) refers to dio_prog.o(.text.GPIO_writeLogic) for GPIO_writeLogic
    led_prog.o(.ARM.exidx.text.LED_turnOff) refers to led_prog.o(.text.LED_turnOff) for [Anonymous Symbol]
    led_prog.o(.text.LED_toggle) refers to dio_prog.o(.text.GPIO_toggleLogic) for GPIO_toggleLogic
    led_prog.o(.ARM.exidx.text.LED_toggle) refers to led_prog.o(.text.LED_toggle) for [Anonymous Symbol]
    push_btn_prog.o(.text.PUSH_BTN_intialize) refers to dio_prog.o(.text.GPIO_init) for GPIO_init
    push_btn_prog.o(.ARM.exidx.text.PUSH_BTN_intialize) refers to push_btn_prog.o(.text.PUSH_BTN_intialize) for [Anonymous Symbol]
    push_btn_prog.o(.text.PUSH_BTN_read_state) refers to dio_prog.o(.text.GPIO_readLogic) for GPIO_readLogic
    push_btn_prog.o(.ARM.exidx.text.PUSH_BTN_read_state) refers to push_btn_prog.o(.text.PUSH_BTN_read_state) for [Anonymous Symbol]
    app.o(.text.app_init) refers to led_config.o(.data.a_ledCfgPins) for a_ledCfgPins
    app.o(.text.app_init) refers to led_prog.o(.text.LED_initialize) for LED_initialize
    app.o(.text.app_init) refers to push_btn_config.o(.data.a_pushBtnCfgPins) for a_pushBtnCfgPins
    app.o(.text.app_init) refers to push_btn_prog.o(.text.PUSH_BTN_intialize) for PUSH_BTN_intialize
    app.o(.text.app_init) refers to systick_config.o(.data.a_systickCfg) for a_systickCfg
    app.o(.text.app_init) refers to systick_prog.o(.text.SYSTICK_init) for SYSTICK_init
    app.o(.ARM.exidx.text.app_init) refers to app.o(.text.app_init) for [Anonymous Symbol]
    app.o(.text.app_superloop) refers to push_btn_config.o(.data.a_pushBtnCfgPins) for a_pushBtnCfgPins
    app.o(.text.app_superloop) refers to app.o(.bss.btn) for btn
    app.o(.text.app_superloop) refers to push_btn_prog.o(.text.PUSH_BTN_read_state) for PUSH_BTN_read_state
    app.o(.text.app_superloop) refers to app.o(.bss.pressCounter) for pressCounter
    app.o(.text.app_superloop) refers to app.o(.bss.redStatusFlag) for redStatusFlag
    app.o(.text.app_superloop) refers to led_config.o(.data.a_ledCfgPins) for a_ledCfgPins
    app.o(.text.app_superloop) refers to led_prog.o(.text.LED_turnOn) for LED_turnOn
    app.o(.text.app_superloop) refers to led_prog.o(.text.LED_turnOff) for LED_turnOff
    app.o(.text.app_superloop) refers to systick_prog.o(.text.SYSTICK_setDelayMs) for SYSTICK_setDelayMs
    app.o(.text.app_superloop) refers to app.o(.bss.systickFlag) for systickFlag
    app.o(.text.app_superloop) refers to app.o(.bss.blueStatusFlag) for blueStatusFlag
    app.o(.text.app_superloop) refers to app.o(.bss.greenStatusFlag) for greenStatusFlag
    app.o(.text.app_superloop) refers to app.o(.bss.allOnStatusFlag) for allOnStatusFlag
    app.o(.ARM.exidx.text.app_superloop) refers to app.o(.text.app_superloop) for [Anonymous Symbol]
    app.o(.text.systickCallback) refers to app.o(.bss.systickFlag) for systickFlag
    app.o(.ARM.exidx.text.systickCallback) refers to app.o(.text.systickCallback) for [Anonymous Symbol]
    systick_prog.o(.text.SYSTICK_init) refers to systick_prog.o(.bss.ptrFucnSystickTrigger) for ptrFucnSystickTrigger
    systick_prog.o(.ARM.exidx.text.SYSTICK_init) refers to systick_prog.o(.text.SYSTICK_init) for [Anonymous Symbol]
    systick_prog.o(.ARM.exidx.text.SYSTICK_deinit) refers to systick_prog.o(.text.SYSTICK_deinit) for [Anonymous Symbol]
    systick_prog.o(.ARM.exidx.text.SYSTICK_enableInterrupt) refers to systick_prog.o(.text.SYSTICK_enableInterrupt) for [Anonymous Symbol]
    systick_prog.o(.ARM.exidx.text.SYSTICK_disableInterrupt) refers to systick_prog.o(.text.SYSTICK_disableInterrupt) for [Anonymous Symbol]
    systick_prog.o(.text.SYSTICK_setDelayMs) refers to system_tm4c123.o(.data.SystemCoreClock) for SystemCoreClock
    systick_prog.o(.ARM.exidx.text.SYSTICK_setDelayMs) refers to systick_prog.o(.text.SYSTICK_setDelayMs) for [Anonymous Symbol]
    systick_prog.o(.text.SysTick_Handler) refers to systick_prog.o(.bss.ptrFucnSystickTrigger) for ptrFucnSystickTrigger
    systick_prog.o(.ARM.exidx.text.SysTick_Handler) refers to systick_prog.o(.text.SysTick_Handler) for [Anonymous Symbol]
    systick_config.o(.data.a_systickCfg) refers to app.o(.text.systickCallback) for systickCallback
    startup_tm4c123.o(STACK) refers (Special) to heapauxi.o(.text) for __use_two_region_memory
    startup_tm4c123.o(HEAP) refers (Special) to heapauxi.o(.text) for __use_two_region_memory
    startup_tm4c123.o(RESET) refers (Special) to heapauxi.o(.text) for __use_two_region_memory
    startup_tm4c123.o(RESET) refers to startup_tm4c123.o(STACK) for __initial_sp
    startup_tm4c123.o(RESET) refers to startup_tm4c123.o(.text) for Reset_Handler
    startup_tm4c123.o(RESET) refers to systick_prog.o(.text.SysTick_Handler) for SysTick_Handler
    startup_tm4c123.o(RESET) refers to dio_prog.o(.text.GPIOA_Handler) for GPIOA_Handler
    startup_tm4c123.o(RESET) refers to dio_prog.o(.text.GPIOB_Handler) for GPIOB_Handler
    startup_tm4c123.o(RESET) refers to dio_prog.o(.text.GPIOC_Handler) for GPIOC_Handler
    startup_tm4c123.o(RESET) refers to dio_prog.o(.text.GPIOD_Handler) for GPIOD_Handler
    startup_tm4c123.o(RESET) refers to dio_prog.o(.text.GPIOE_Handler) for GPIOE_Handler
    startup_tm4c123.o(RESET) refers to dio_prog.o(.text.GPIOF_Handler) for GPIOF_Handler
    startup_tm4c123.o(.text) refers (Special) to heapauxi.o(.text) for __use_two_region_memory
    startup_tm4c123.o(.text) refers to system_tm4c123.o(.text.SystemInit) for SystemInit
    startup_tm4c123.o(.text) refers to __main.o(!!!main) for __main
    startup_tm4c123.o(.text) refers to startup_tm4c123.o(HEAP) for Heap_Mem
    startup_tm4c123.o(.text) refers to startup_tm4c123.o(STACK) for Stack_Mem
    system_tm4c123.o(.text.SystemCoreClockUpdate) refers to system_tm4c123.o(.text.getOscClk) for getOscClk
    system_tm4c123.o(.text.SystemCoreClockUpdate) refers to system_tm4c123.o(.data.SystemCoreClock) for SystemCoreClock
    system_tm4c123.o(.ARM.exidx.text.SystemCoreClockUpdate) refers to system_tm4c123.o(.text.SystemCoreClockUpdate) for [Anonymous Symbol]
    system_tm4c123.o(.ARM.exidx.text.getOscClk) refers to system_tm4c123.o(.text.getOscClk) for [Anonymous Symbol]
    system_tm4c123.o(.ARM.exidx.text.SystemInit) refers to system_tm4c123.o(.text.SystemInit) for [Anonymous Symbol]
    __main.o(!!!main) refers to __rtentry.o(.ARM.Collect$$rtentry$$00000000) for __rt_entry
    __rtentry.o(.ARM.Collect$$rtentry$$00000000) refers (Special) to __rtentry2.o(.ARM.Collect$$rtentry$$0000000A) for __rt_entry_li
    __rtentry.o(.ARM.Collect$$rtentry$$00000000) refers (Special) to __rtentry2.o(.ARM.Collect$$rtentry$$0000000D) for __rt_entry_main
    __rtentry.o(.ARM.Collect$$rtentry$$00000000) refers (Special) to __rtentry2.o(.ARM.Collect$$rtentry$$0000000C) for __rt_entry_postli_1
    __rtentry.o(.ARM.Collect$$rtentry$$00000000) refers (Special) to __rtentry2.o(.ARM.Collect$$rtentry$$00000009) for __rt_entry_postsh_1
    __rtentry.o(.ARM.Collect$$rtentry$$00000000) refers (Special) to __rtentry2.o(.ARM.Collect$$rtentry$$00000002) for __rt_entry_presh_1
    __rtentry.o(.ARM.Collect$$rtentry$$00000000) refers (Special) to __rtentry4.o(.ARM.Collect$$rtentry$$00000004) for __rt_entry_sh
    __rtentry2.o(.ARM.Collect$$rtentry$$00000008) refers to boardinit2.o(.text) for _platform_post_stackheap_init
    __rtentry2.o(.ARM.Collect$$rtentry$$0000000A) refers to libinit.o(.ARM.Collect$$libinit$$00000000) for __rt_lib_init
    __rtentry2.o(.ARM.Collect$$rtentry$$0000000B) refers to boardinit3.o(.text) for _platform_post_lib_init
    __rtentry2.o(.ARM.Collect$$rtentry$$0000000D) refers to main.o(.text.main) for main
    __rtentry2.o(.ARM.Collect$$rtentry$$0000000D) refers to exit.o(.text) for exit
    __rtentry2.o(.ARM.exidx) refers to __rtentry2.o(.ARM.Collect$$rtentry$$00000001) for .ARM.Collect$$rtentry$$00000001
    __rtentry2.o(.ARM.exidx) refers to __rtentry2.o(.ARM.Collect$$rtentry$$00000008) for .ARM.Collect$$rtentry$$00000008
    __rtentry2.o(.ARM.exidx) refers to __rtentry2.o(.ARM.Collect$$rtentry$$0000000A) for .ARM.Collect$$rtentry$$0000000A
    __rtentry2.o(.ARM.exidx) refers to __rtentry2.o(.ARM.Collect$$rtentry$$0000000B) for .ARM.Collect$$rtentry$$0000000B
    __rtentry2.o(.ARM.exidx) refers to __rtentry2.o(.ARM.Collect$$rtentry$$0000000D) for .ARM.Collect$$rtentry$$0000000D
    __rtentry4.o(.ARM.Collect$$rtentry$$00000004) refers to sys_stackheap_outer.o(.text) for __user_setup_stackheap
    __rtentry4.o(.ARM.exidx) refers to __rtentry4.o(.ARM.Collect$$rtentry$$00000004) for .ARM.Collect$$rtentry$$00000004
    sys_stackheap_outer.o(.text) refers to libspace.o(.text) for __user_perproc_libspace
    sys_stackheap_outer.o(.text) refers to startup_tm4c123.o(.text) for __user_initial_stackheap
    exit.o(.text) refers to rtexit.o(.ARM.Collect$$rtexit$$00000000) for __rt_exit
    libinit.o(.ARM.Collect$$libinit$$00000000) refers (Special) to libinit2.o(.ARM.Collect$$libinit$$00000030) for __rt_lib_init_alloca_1
    libinit.o(.ARM.Collect$$libinit$$00000000) refers (Special) to libinit2.o(.ARM.Collect$$libinit$$0000002E) for __rt_lib_init_argv_1
    libinit.o(.ARM.Collect$$libinit$$00000000) refers (Special) to libinit2.o(.ARM.Collect$$libinit$$0000001D) for __rt_lib_init_atexit_1
    libinit.o(.ARM.Collect$$libinit$$00000000) refers (Special) to libinit2.o(.ARM.Collect$$libinit$$00000023) for __rt_lib_init_clock_1
    libinit.o(.ARM.Collect$$libinit$$00000000) refers (Special) to libinit2.o(.ARM.Collect$$libinit$$00000034) for __rt_lib_init_cpp_1
    libinit.o(.ARM.Collect$$libinit$$00000000) refers (Special) to libinit2.o(.ARM.Collect$$libinit$$00000032) for __rt_lib_init_exceptions_1
    libinit.o(.ARM.Collect$$libinit$$00000000) refers (Special) to libinit2.o(.ARM.Collect$$libinit$$00000001) for __rt_lib_init_fp_1
    libinit.o(.ARM.Collect$$libinit$$00000000) refers (Special) to libinit2.o(.ARM.Collect$$libinit$$00000021) for __rt_lib_init_fp_trap_1
    libinit.o(.ARM.Collect$$libinit$$00000000) refers (Special) to libinit2.o(.ARM.Collect$$libinit$$00000025) for __rt_lib_init_getenv_1
    libinit.o(.ARM.Collect$$libinit$$00000000) refers (Special) to libinit2.o(.ARM.Collect$$libinit$$0000000C) for __rt_lib_init_heap_1
    libinit.o(.ARM.Collect$$libinit$$00000000) refers (Special) to libinit2.o(.ARM.Collect$$libinit$$00000013) for __rt_lib_init_lc_collate_1
    libinit.o(.ARM.Collect$$libinit$$00000000) refers (Special) to libinit2.o(.ARM.Collect$$libinit$$00000015) for __rt_lib_init_lc_ctype_1
    libinit.o(.ARM.Collect$$libinit$$00000000) refers (Special) to libinit2.o(.ARM.Collect$$libinit$$00000017) for __rt_lib_init_lc_monetary_1
    libinit.o(.ARM.Collect$$libinit$$00000000) refers (Special) to libinit2.o(.ARM.Collect$$libinit$$00000019) for __rt_lib_init_lc_numeric_1
    libinit.o(.ARM.Collect$$libinit$$00000000) refers (Special) to libinit2.o(.ARM.Collect$$libinit$$0000001B) for __rt_lib_init_lc_time_1
    libinit.o(.ARM.Collect$$libinit$$00000000) refers (Special) to libinit2.o(.ARM.Collect$$libinit$$00000006) for __rt_lib_init_preinit_1
    libinit.o(.ARM.Collect$$libinit$$00000000) refers (Special) to libinit2.o(.ARM.Collect$$libinit$$00000010) for __rt_lib_init_rand_1
    libinit.o(.ARM.Collect$$libinit$$00000000) refers (Special) to libinit2.o(.ARM.Collect$$libinit$$00000004) for __rt_lib_init_relocate_pie_1
    libinit.o(.ARM.Collect$$libinit$$00000000) refers (Special) to libinit2.o(.ARM.Collect$$libinit$$00000035) for __rt_lib_init_return
    libinit.o(.ARM.Collect$$libinit$$00000000) refers (Special) to libinit2.o(.ARM.Collect$$libinit$$0000001F) for __rt_lib_init_signal_1
    libinit.o(.ARM.Collect$$libinit$$00000000) refers (Special) to libinit2.o(.ARM.Collect$$libinit$$00000027) for __rt_lib_init_stdio_1
    libinit.o(.ARM.Collect$$libinit$$00000000) refers (Special) to libinit2.o(.ARM.Collect$$libinit$$0000000E) for __rt_lib_init_user_alloc_1
    libspace.o(.text) refers to libspace.o(.bss) for __libspace_start
    rtexit.o(.ARM.Collect$$rtexit$$00000000) refers (Special) to rtexit2.o(.ARM.Collect$$rtexit$$00000004) for __rt_exit_exit
    rtexit.o(.ARM.Collect$$rtexit$$00000000) refers (Special) to rtexit2.o(.ARM.Collect$$rtexit$$00000003) for __rt_exit_ls
    rtexit.o(.ARM.Collect$$rtexit$$00000000) refers (Special) to rtexit2.o(.ARM.Collect$$rtexit$$00000002) for __rt_exit_prels_1
    rtexit.o(.ARM.exidx) refers (Special) to rtexit2.o(.ARM.Collect$$rtexit$$00000004) for __rt_exit_exit
    rtexit.o(.ARM.exidx) refers (Special) to rtexit2.o(.ARM.Collect$$rtexit$$00000003) for __rt_exit_ls
    rtexit.o(.ARM.exidx) refers (Special) to rtexit2.o(.ARM.Collect$$rtexit$$00000002) for __rt_exit_prels_1
    rtexit.o(.ARM.exidx) refers to rtexit.o(.ARM.Collect$$rtexit$$00000000) for .ARM.Collect$$rtexit$$00000000
    libinit2.o(.ARM.Collect$$libinit$$00000001) refers to fpinit.o(x$fpl$fpinit) for _fp_init
    libinit2.o(.ARM.Collect$$libinit$$00000012) refers to libinit2.o(.ARM.Collect$$libinit$$00000011) for .ARM.Collect$$libinit$$00000011
    libinit2.o(.ARM.Collect$$libinit$$00000014) refers to libinit2.o(.ARM.Collect$$libinit$$00000011) for .ARM.Collect$$libinit$$00000011
    libinit2.o(.ARM.Collect$$libinit$$00000016) refers to libinit2.o(.ARM.Collect$$libinit$$00000011) for .ARM.Collect$$libinit$$00000011
    libinit2.o(.ARM.Collect$$libinit$$00000018) refers to libinit2.o(.ARM.Collect$$libinit$$00000011) for .ARM.Collect$$libinit$$00000011
    libinit2.o(.ARM.Collect$$libinit$$0000001A) refers to libinit2.o(.ARM.Collect$$libinit$$00000011) for .ARM.Collect$$libinit$$00000011
    libinit2.o(.ARM.Collect$$libinit$$00000028) refers to argv_veneer.o(.emb_text) for __ARM_argv_veneer
    libinit2.o(.ARM.Collect$$libinit$$00000029) refers to argv_veneer.o(.emb_text) for __ARM_argv_veneer
    rtexit2.o(.ARM.Collect$$rtexit$$00000003) refers to libshutdown.o(.ARM.Collect$$libshutdown$$00000000) for __rt_lib_shutdown
    rtexit2.o(.ARM.Collect$$rtexit$$00000004) refers to sys_exit.o(.text) for _sys_exit
    rtexit2.o(.ARM.exidx) refers to rtexit2.o(.ARM.Collect$$rtexit$$00000001) for .ARM.Collect$$rtexit$$00000001
    rtexit2.o(.ARM.exidx) refers to rtexit2.o(.ARM.Collect$$rtexit$$00000003) for .ARM.Collect$$rtexit$$00000003
    rtexit2.o(.ARM.exidx) refers to rtexit2.o(.ARM.Collect$$rtexit$$00000004) for .ARM.Collect$$rtexit$$00000004
    argv_veneer.o(.emb_text) refers to no_argv.o(.text) for __ARM_get_argv
    sys_exit.o(.text) refers (Special) to use_no_semi.o(.text) for __I$use$semihosting
    sys_exit.o(.text) refers (Special) to indicate_semi.o(.text) for __semihosting_library_function
    sys_exit_hlt.o(.text) refers (Special) to use_no_semi.o(.text) for __I$use$semihosting
    sys_exit_hlt.o(.text) refers (Special) to indicate_semi.o(.text) for __semihosting_library_function
    _get_argv_nomalloc.o(.text) refers (Special) to hrguard.o(.text) for __heap_region$guard
    _get_argv_nomalloc.o(.text) refers to defsig_rtmem_outer.o(.text) for __rt_SIGRTMEM
    _get_argv_nomalloc.o(.text) refers to sys_command.o(.text) for _sys_command_string
    libshutdown.o(.ARM.Collect$$libshutdown$$00000000) refers (Special) to libshutdown2.o(.ARM.Collect$$libshutdown$$00000002) for __rt_lib_shutdown_cpp_1
    libshutdown.o(.ARM.Collect$$libshutdown$$00000000) refers (Special) to libshutdown2.o(.ARM.Collect$$libshutdown$$00000007) for __rt_lib_shutdown_fp_trap_1
    libshutdown.o(.ARM.Collect$$libshutdown$$00000000) refers (Special) to libshutdown2.o(.ARM.Collect$$libshutdown$$0000000F) for __rt_lib_shutdown_heap_1
    libshutdown.o(.ARM.Collect$$libshutdown$$00000000) refers (Special) to libshutdown2.o(.ARM.Collect$$libshutdown$$00000010) for __rt_lib_shutdown_return
    libshutdown.o(.ARM.Collect$$libshutdown$$00000000) refers (Special) to libshutdown2.o(.ARM.Collect$$libshutdown$$0000000A) for __rt_lib_shutdown_signal_1
    libshutdown.o(.ARM.Collect$$libshutdown$$00000000) refers (Special) to libshutdown2.o(.ARM.Collect$$libshutdown$$00000004) for __rt_lib_shutdown_stdio_1
    libshutdown.o(.ARM.Collect$$libshutdown$$00000000) refers (Special) to libshutdown2.o(.ARM.Collect$$libshutdown$$0000000C) for __rt_lib_shutdown_user_alloc_1
    sys_command.o(.text) refers (Special) to use_no_semi.o(.text) for __I$use$semihosting
    sys_command.o(.text) refers (Special) to indicate_semi.o(.text) for __semihosting_library_function
    sys_command_hlt.o(.text) refers (Special) to use_no_semi.o(.text) for __I$use$semihosting
    sys_command_hlt.o(.text) refers (Special) to indicate_semi.o(.text) for __semihosting_library_function
    defsig_rtmem_outer.o(.text) refers to defsig_rtmem_inner.o(.text) for __rt_SIGRTMEM_inner
    defsig_rtmem_outer.o(.text) refers to defsig_exit.o(.text) for __sig_exit
    defsig_rtmem_formal.o(.text) refers to rt_raise.o(.text) for __rt_raise
    rt_raise.o(.text) refers to __raise.o(.text) for __raise
    rt_raise.o(.text) refers to sys_exit.o(.text) for _sys_exit
    defsig_exit.o(.text) refers to sys_exit.o(.text) for _sys_exit
    defsig_rtmem_inner.o(.text) refers to defsig_general.o(.text) for __default_signal_display
    __raise.o(.text) refers to defsig.o(CL$$defsig) for __default_signal_handler
    defsig_general.o(.text) refers to sys_wrch.o(.text) for _ttywrch
    sys_wrch.o(.text) refers (Special) to use_no_semi.o(.text) for __I$use$semihosting
    sys_wrch.o(.text) refers (Special) to indicate_semi.o(.text) for __semihosting_library_function
    sys_wrch_hlt.o(.text) refers (Special) to use_no_semi.o(.text) for __I$use$semihosting
    sys_wrch_hlt.o(.text) refers (Special) to indicate_semi.o(.text) for __semihosting_library_function
    defsig.o(CL$$defsig) refers to defsig_rtmem_inner.o(.text) for __rt_SIGRTMEM_inner
    defsig_abrt_inner.o(.text) refers to defsig_general.o(.text) for __default_signal_display
    defsig_fpe_inner.o(.text) refers to defsig_general.o(.text) for __default_signal_display
    defsig_rtred_inner.o(.text) refers to defsig_general.o(.text) for __default_signal_display
    defsig_stak_inner.o(.text) refers to defsig_general.o(.text) for __default_signal_display
    defsig_pvfn_inner.o(.text) refers to defsig_general.o(.text) for __default_signal_display
    defsig_cppl_inner.o(.text) refers to defsig_general.o(.text) for __default_signal_display
    defsig_segv_inner.o(.text) refers to defsig_general.o(.text) for __default_signal_display
    defsig_other.o(.text) refers to defsig_general.o(.text) for __default_signal_display


==============================================================================

Removing Unused input sections from the image.

    Removing dio_prog.o(.text), (0 bytes).
    Removing dio_prog.o(.ARM.exidx.text.GPIO_init), (8 bytes).
    Removing dio_prog.o(.ARM.exidx.text.GPIO_setPinCallbackHandelr), (8 bytes).
    Removing dio_prog.o(.ARM.exidx.text.GPIO_interruptPortEnable), (8 bytes).
    Removing dio_prog.o(.text.GPIO_portDeinit), (58 bytes).
    Removing dio_prog.o(.ARM.exidx.text.GPIO_portDeinit), (8 bytes).
    Removing dio_prog.o(.ARM.exidx.text.GPIO_writeLogic), (8 bytes).
    Removing dio_prog.o(.ARM.exidx.text.GPIO_readLogic), (8 bytes).
    Removing dio_prog.o(.text.GPIO_toggleLogic), (100 bytes).
    Removing dio_prog.o(.ARM.exidx.text.GPIO_toggleLogic), (8 bytes).
    Removing dio_prog.o(.text.GPIO_setDirection), (210 bytes).
    Removing dio_prog.o(.ARM.exidx.text.GPIO_setDirection), (8 bytes).
    Removing dio_prog.o(.ARM.exidx.text.__NVIC_EnableIRQ), (8 bytes).
    Removing dio_prog.o(.text.GPIO_interruptPortDisable), (202 bytes).
    Removing dio_prog.o(.ARM.exidx.text.GPIO_interruptPortDisable), (8 bytes).
    Removing dio_prog.o(.text.__NVIC_DisableIRQ), (56 bytes).
    Removing dio_prog.o(.ARM.exidx.text.__NVIC_DisableIRQ), (8 bytes).
    Removing dio_prog.o(.ARM.exidx.text.GPIOA_Handler), (8 bytes).
    Removing dio_prog.o(.ARM.exidx.text.GPIOB_Handler), (8 bytes).
    Removing dio_prog.o(.ARM.exidx.text.GPIOC_Handler), (8 bytes).
    Removing dio_prog.o(.ARM.exidx.text.GPIOD_Handler), (8 bytes).
    Removing dio_prog.o(.ARM.exidx.text.GPIOE_Handler), (8 bytes).
    Removing dio_prog.o(.ARM.exidx.text.GPIOF_Handler), (8 bytes).
    Removing dio_config.o(.text), (0 bytes).
    Removing dio_config.o(.bss.a_cfgPins), (100 bytes).
    Removing main.o(.text), (0 bytes).
    Removing main.o(.ARM.exidx.text.main), (8 bytes).
    Removing main.o(.ARM.use_no_argv), (4 bytes).
    Removing led_prog.o(.text), (0 bytes).
    Removing led_prog.o(.ARM.exidx.text.LED_initialize), (8 bytes).
    Removing led_prog.o(.ARM.exidx.text.LED_turnOn), (8 bytes).
    Removing led_prog.o(.ARM.exidx.text.LED_turnOff), (8 bytes).
    Removing led_prog.o(.text.LED_toggle), (132 bytes).
    Removing led_prog.o(.ARM.exidx.text.LED_toggle), (8 bytes).
    Removing led_config.o(.text), (0 bytes).
    Removing push_btn_prog.o(.text), (0 bytes).
    Removing push_btn_prog.o(.ARM.exidx.text.PUSH_BTN_intialize), (8 bytes).
    Removing push_btn_prog.o(.ARM.exidx.text.PUSH_BTN_read_state), (8 bytes).
    Removing push_btn_config.o(.text), (0 bytes).
    Removing app.o(.text), (0 bytes).
    Removing app.o(.ARM.exidx.text.app_init), (8 bytes).
    Removing app.o(.ARM.exidx.text.app_superloop), (8 bytes).
    Removing app.o(.ARM.exidx.text.systickCallback), (8 bytes).
    Removing systick_prog.o(.text), (0 bytes).
    Removing systick_prog.o(.ARM.exidx.text.SYSTICK_init), (8 bytes).
    Removing systick_prog.o(.text.SYSTICK_deinit), (32 bytes).
    Removing systick_prog.o(.ARM.exidx.text.SYSTICK_deinit), (8 bytes).
    Removing systick_prog.o(.text.SYSTICK_enableInterrupt), (32 bytes).
    Removing systick_prog.o(.ARM.exidx.text.SYSTICK_enableInterrupt), (8 bytes).
    Removing systick_prog.o(.text.SYSTICK_disableInterrupt), (32 bytes).
    Removing systick_prog.o(.ARM.exidx.text.SYSTICK_disableInterrupt), (8 bytes).
    Removing systick_prog.o(.ARM.exidx.text.SYSTICK_setDelayMs), (8 bytes).
    Removing systick_prog.o(.ARM.exidx.text.SysTick_Handler), (8 bytes).
    Removing systick_config.o(.text), (0 bytes).
    Removing system_tm4c123.o(.text), (0 bytes).
    Removing system_tm4c123.o(.text.SystemCoreClockUpdate), (326 bytes).
    Removing system_tm4c123.o(.ARM.exidx.text.SystemCoreClockUpdate), (8 bytes).
    Removing system_tm4c123.o(.text.getOscClk), (360 bytes).
    Removing system_tm4c123.o(.ARM.exidx.text.getOscClk), (8 bytes).
    Removing system_tm4c123.o(.ARM.exidx.text.SystemInit), (8 bytes).

60 unused section(s) (total 1932 bytes) removed from the image.

==============================================================================

Image Symbol Table

    Local Symbols

    Symbol Name                              Value     Ov Type        Size  Object(Section)

    ../clib/angel/boardlib.s                 0x00000000   Number         0  boardinit1.o ABSOLUTE
    ../clib/angel/boardlib.s                 0x00000000   Number         0  boardinit2.o ABSOLUTE
    ../clib/angel/boardlib.s                 0x00000000   Number         0  boardinit3.o ABSOLUTE
    ../clib/angel/boardlib.s                 0x00000000   Number         0  boardshut.o ABSOLUTE
    ../clib/angel/handlers.s                 0x00000000   Number         0  __scatter_copy.o ABSOLUTE
    ../clib/angel/handlers.s                 0x00000000   Number         0  __scatter_zi.o ABSOLUTE
    ../clib/angel/kernel.s                   0x00000000   Number         0  __rtentry.o ABSOLUTE
    ../clib/angel/kernel.s                   0x00000000   Number         0  __rtentry2.o ABSOLUTE
    ../clib/angel/kernel.s                   0x00000000   Number         0  __rtentry4.o ABSOLUTE
    ../clib/angel/kernel.s                   0x00000000   Number         0  rtexit.o ABSOLUTE
    ../clib/angel/kernel.s                   0x00000000   Number         0  rtexit2.o ABSOLUTE
    ../clib/angel/rt.s                       0x00000000   Number         0  rt_raise.o ABSOLUTE
    ../clib/angel/scatter.s                  0x00000000   Number         0  __scatter.o ABSOLUTE
    ../clib/angel/startup.s                  0x00000000   Number         0  __main.o ABSOLUTE
    ../clib/angel/sys.s                      0x00000000   Number         0  sys_stackheap_outer.o ABSOLUTE
    ../clib/angel/sys.s                      0x00000000   Number         0  libspace.o ABSOLUTE
    ../clib/angel/sys.s                      0x00000000   Number         0  use_no_semi.o ABSOLUTE
    ../clib/angel/sys.s                      0x00000000   Number         0  indicate_semi.o ABSOLUTE
    ../clib/angel/sysapp.c                   0x00000000   Number         0  sys_exit.o ABSOLUTE
    ../clib/angel/sysapp.c                   0x00000000   Number         0  sys_exit_hlt.o ABSOLUTE
    ../clib/angel/sysapp.c                   0x00000000   Number         0  sys_command.o ABSOLUTE
    ../clib/angel/sysapp.c                   0x00000000   Number         0  sys_command_hlt.o ABSOLUTE
    ../clib/angel/sysapp.c                   0x00000000   Number         0  sys_wrch.o ABSOLUTE
    ../clib/angel/sysapp.c                   0x00000000   Number         0  sys_wrch_hlt.o ABSOLUTE
    ../clib/armsys.c                         0x00000000   Number         0  argv_veneer.o ABSOLUTE
    ../clib/armsys.c                         0x00000000   Number         0  argv_veneer.o ABSOLUTE
    ../clib/armsys.c                         0x00000000   Number         0  _get_argv_nomalloc.o ABSOLUTE
    ../clib/armsys.c                         0x00000000   Number         0  no_argv.o ABSOLUTE
    ../clib/heapalloc.c                      0x00000000   Number         0  hrguard.o ABSOLUTE
    ../clib/heapaux.c                        0x00000000   Number         0  heapauxi.o ABSOLUTE
    ../clib/libinit.s                        0x00000000   Number         0  libinit.o ABSOLUTE
    ../clib/libinit.s                        0x00000000   Number         0  libinit2.o ABSOLUTE
    ../clib/libinit.s                        0x00000000   Number         0  libshutdown.o ABSOLUTE
    ../clib/libinit.s                        0x00000000   Number         0  libshutdown2.o ABSOLUTE
    ../clib/signal.c                         0x00000000   Number         0  defsig_rtmem_outer.o ABSOLUTE
    ../clib/signal.c                         0x00000000   Number         0  defsig_rtmem_formal.o ABSOLUTE
    ../clib/signal.c                         0x00000000   Number         0  defsig_exit.o ABSOLUTE
    ../clib/signal.c                         0x00000000   Number         0  defsig_rtmem_inner.o ABSOLUTE
    ../clib/signal.c                         0x00000000   Number         0  __raise.o ABSOLUTE
    ../clib/signal.c                         0x00000000   Number         0  defsig_general.o ABSOLUTE
    ../clib/signal.c                         0x00000000   Number         0  defsig_abrt_inner.o ABSOLUTE
    ../clib/signal.c                         0x00000000   Number         0  defsig_fpe_inner.o ABSOLUTE
    ../clib/signal.c                         0x00000000   Number         0  defsig_rtred_inner.o ABSOLUTE
    ../clib/signal.c                         0x00000000   Number         0  defsig_stak_inner.o ABSOLUTE
    ../clib/signal.c                         0x00000000   Number         0  defsig_pvfn_inner.o ABSOLUTE
    ../clib/signal.c                         0x00000000   Number         0  defsig_cppl_inner.o ABSOLUTE
    ../clib/signal.c                         0x00000000   Number         0  defsig_segv_inner.o ABSOLUTE
    ../clib/signal.c                         0x00000000   Number         0  defsig_other.o ABSOLUTE
    ../clib/signal.s                         0x00000000   Number         0  defsig.o ABSOLUTE
    ../clib/stdlib.c                         0x00000000   Number         0  exit.o ABSOLUTE
    ../fplib/fpinit.s                        0x00000000   Number         0  fpinit.o ABSOLUTE
    PUSH_BTN_config.c                        0x00000000   Number         0  push_btn_config.o ABSOLUTE
    PUSH_BTN_prog.c                          0x00000000   Number         0  push_btn_prog.o ABSOLUTE
    RTE/Device/TM4C123GH6PM/startup_TM4C123.s 0x00000000   Number         0  startup_tm4c123.o ABSOLUTE
    app.c                                    0x00000000   Number         0  app.o ABSOLUTE
    dc.s                                     0x00000000   Number         0  dc.o ABSOLUTE
    dio_config.c                             0x00000000   Number         0  dio_config.o ABSOLUTE
    dio_prog.c                               0x00000000   Number         0  dio_prog.o ABSOLUTE
    led_config.c                             0x00000000   Number         0  led_config.o ABSOLUTE
    led_prog.c                               0x00000000   Number         0  led_prog.o ABSOLUTE
    main.c                                   0x00000000   Number         0  main.o ABSOLUTE
    system_TM4C123.c                         0x00000000   Number         0  system_tm4c123.o ABSOLUTE
    systick_config.c                         0x00000000   Number         0  systick_config.o ABSOLUTE
    systick_prog.c                           0x00000000   Number         0  systick_prog.o ABSOLUTE
    RESET                                    0x00000000   Section      620  startup_tm4c123.o(RESET)
    !!!main                                  0x0000026c   Section        8  __main.o(!!!main)
    !!!scatter                               0x00000274   Section       52  __scatter.o(!!!scatter)
    !!handler_copy                           0x000002a8   Section       26  __scatter_copy.o(!!handler_copy)
    !!handler_zi                             0x000002c4   Section       28  __scatter_zi.o(!!handler_zi)
    .ARM.Collect$$libinit$$00000000          0x000002e0   Section        2  libinit.o(.ARM.Collect$$libinit$$00000000)
    .ARM.Collect$$libinit$$00000001          0x000002e2   Section        4  libinit2.o(.ARM.Collect$$libinit$$00000001)
    .ARM.Collect$$libinit$$00000004          0x000002e6   Section        0  libinit2.o(.ARM.Collect$$libinit$$00000004)
    .ARM.Collect$$libinit$$00000006          0x000002e6   Section        0  libinit2.o(.ARM.Collect$$libinit$$00000006)
    .ARM.Collect$$libinit$$0000000C          0x000002e6   Section        0  libinit2.o(.ARM.Collect$$libinit$$0000000C)
    .ARM.Collect$$libinit$$0000000E          0x000002e6   Section        0  libinit2.o(.ARM.Collect$$libinit$$0000000E)
    .ARM.Collect$$libinit$$00000010          0x000002e6   Section        0  libinit2.o(.ARM.Collect$$libinit$$00000010)
    .ARM.Collect$$libinit$$00000013          0x000002e6   Section        0  libinit2.o(.ARM.Collect$$libinit$$00000013)
    .ARM.Collect$$libinit$$00000015          0x000002e6   Section        0  libinit2.o(.ARM.Collect$$libinit$$00000015)
    .ARM.Collect$$libinit$$00000017          0x000002e6   Section        0  libinit2.o(.ARM.Collect$$libinit$$00000017)
    .ARM.Collect$$libinit$$00000019          0x000002e6   Section        0  libinit2.o(.ARM.Collect$$libinit$$00000019)
    .ARM.Collect$$libinit$$0000001B          0x000002e6   Section        0  libinit2.o(.ARM.Collect$$libinit$$0000001B)
    .ARM.Collect$$libinit$$0000001D          0x000002e6   Section        0  libinit2.o(.ARM.Collect$$libinit$$0000001D)
    .ARM.Collect$$libinit$$0000001F          0x000002e6   Section        0  libinit2.o(.ARM.Collect$$libinit$$0000001F)
    .ARM.Collect$$libinit$$00000021          0x000002e6   Section        0  libinit2.o(.ARM.Collect$$libinit$$00000021)
    .ARM.Collect$$libinit$$00000023          0x000002e6   Section        0  libinit2.o(.ARM.Collect$$libinit$$00000023)
    .ARM.Collect$$libinit$$00000025          0x000002e6   Section        0  libinit2.o(.ARM.Collect$$libinit$$00000025)
    .ARM.Collect$$libinit$$00000027          0x000002e6   Section        0  libinit2.o(.ARM.Collect$$libinit$$00000027)
    .ARM.Collect$$libinit$$0000002E          0x000002e6   Section        0  libinit2.o(.ARM.Collect$$libinit$$0000002E)
    .ARM.Collect$$libinit$$00000030          0x000002e6   Section        0  libinit2.o(.ARM.Collect$$libinit$$00000030)
    .ARM.Collect$$libinit$$00000032          0x000002e6   Section        0  libinit2.o(.ARM.Collect$$libinit$$00000032)
    .ARM.Collect$$libinit$$00000034          0x000002e6   Section        0  libinit2.o(.ARM.Collect$$libinit$$00000034)
    .ARM.Collect$$libinit$$00000035          0x000002e6   Section        2  libinit2.o(.ARM.Collect$$libinit$$00000035)
    .ARM.Collect$$libshutdown$$00000000      0x000002e8   Section        2  libshutdown.o(.ARM.Collect$$libshutdown$$00000000)
    .ARM.Collect$$libshutdown$$00000002      0x000002ea   Section        0  libshutdown2.o(.ARM.Collect$$libshutdown$$00000002)
    .ARM.Collect$$libshutdown$$00000004      0x000002ea   Section        0  libshutdown2.o(.ARM.Collect$$libshutdown$$00000004)
    .ARM.Collect$$libshutdown$$00000007      0x000002ea   Section        0  libshutdown2.o(.ARM.Collect$$libshutdown$$00000007)
    .ARM.Collect$$libshutdown$$0000000A      0x000002ea   Section        0  libshutdown2.o(.ARM.Collect$$libshutdown$$0000000A)
    .ARM.Collect$$libshutdown$$0000000C      0x000002ea   Section        0  libshutdown2.o(.ARM.Collect$$libshutdown$$0000000C)
    .ARM.Collect$$libshutdown$$0000000F      0x000002ea   Section        0  libshutdown2.o(.ARM.Collect$$libshutdown$$0000000F)
    .ARM.Collect$$libshutdown$$00000010      0x000002ea   Section        2  libshutdown2.o(.ARM.Collect$$libshutdown$$00000010)
    .ARM.Collect$$rtentry$$00000000          0x000002ec   Section        0  __rtentry.o(.ARM.Collect$$rtentry$$00000000)
    .ARM.Collect$$rtentry$$00000002          0x000002ec   Section        0  __rtentry2.o(.ARM.Collect$$rtentry$$00000002)
    .ARM.Collect$$rtentry$$00000004          0x000002ec   Section        6  __rtentry4.o(.ARM.Collect$$rtentry$$00000004)
    .ARM.Collect$$rtentry$$00000009          0x000002f2   Section        0  __rtentry2.o(.ARM.Collect$$rtentry$$00000009)
    .ARM.Collect$$rtentry$$0000000A          0x000002f2   Section        4  __rtentry2.o(.ARM.Collect$$rtentry$$0000000A)
    .ARM.Collect$$rtentry$$0000000C          0x000002f6   Section        0  __rtentry2.o(.ARM.Collect$$rtentry$$0000000C)
    .ARM.Collect$$rtentry$$0000000D          0x000002f6   Section        8  __rtentry2.o(.ARM.Collect$$rtentry$$0000000D)
    .ARM.Collect$$rtexit$$00000000           0x000002fe   Section        2  rtexit.o(.ARM.Collect$$rtexit$$00000000)
    .ARM.Collect$$rtexit$$00000002           0x00000300   Section        0  rtexit2.o(.ARM.Collect$$rtexit$$00000002)
    .ARM.Collect$$rtexit$$00000003           0x00000300   Section        4  rtexit2.o(.ARM.Collect$$rtexit$$00000003)
    .ARM.Collect$$rtexit$$00000004           0x00000304   Section        6  rtexit2.o(.ARM.Collect$$rtexit$$00000004)
    $v0                                      0x0000030c   Number         0  startup_tm4c123.o(.text)
    .text                                    0x0000030c   Section      276  startup_tm4c123.o(.text)
    .text                                    0x00000420   Section        0  heapauxi.o(.text)
    .text                                    0x00000426   Section       74  sys_stackheap_outer.o(.text)
    .text                                    0x00000470   Section        0  exit.o(.text)
    .text                                    0x00000484   Section        8  libspace.o(.text)
    .text                                    0x0000048c   Section        0  sys_exit.o(.text)
    .text                                    0x00000498   Section        2  use_no_semi.o(.text)
    .text                                    0x0000049a   Section        0  indicate_semi.o(.text)
    [Anonymous Symbol]                       0x0000049c   Section        0  dio_prog.o(.text.GPIOA_Handler)
    [Anonymous Symbol]                       0x00000520   Section        0  dio_prog.o(.text.GPIOB_Handler)
    [Anonymous Symbol]                       0x000005a4   Section        0  dio_prog.o(.text.GPIOC_Handler)
    [Anonymous Symbol]                       0x00000628   Section        0  dio_prog.o(.text.GPIOD_Handler)
    [Anonymous Symbol]                       0x000006ac   Section        0  dio_prog.o(.text.GPIOE_Handler)
    [Anonymous Symbol]                       0x00000730   Section        0  dio_prog.o(.text.GPIOF_Handler)
    [Anonymous Symbol]                       0x000007b4   Section        0  dio_prog.o(.text.GPIO_init)
    [Anonymous Symbol]                       0x000016a0   Section        0  dio_prog.o(.text.GPIO_interruptPortEnable)
    [Anonymous Symbol]                       0x0000176c   Section        0  dio_prog.o(.text.GPIO_readLogic)
    [Anonymous Symbol]                       0x000017f8   Section        0  dio_prog.o(.text.GPIO_setPinCallbackHandelr)
    [Anonymous Symbol]                       0x00001918   Section        0  dio_prog.o(.text.GPIO_writeLogic)
    [Anonymous Symbol]                       0x000019dc   Section        0  led_prog.o(.text.LED_initialize)
    [Anonymous Symbol]                       0x00001a60   Section        0  led_prog.o(.text.LED_turnOff)
    [Anonymous Symbol]                       0x00001ae4   Section        0  led_prog.o(.text.LED_turnOn)
    [Anonymous Symbol]                       0x00001b68   Section        0  push_btn_prog.o(.text.PUSH_BTN_intialize)
    [Anonymous Symbol]                       0x00001be8   Section        0  push_btn_prog.o(.text.PUSH_BTN_read_state)
    [Anonymous Symbol]                       0x00001cf4   Section        0  systick_prog.o(.text.SYSTICK_init)
    [Anonymous Symbol]                       0x00001e40   Section        0  systick_prog.o(.text.SYSTICK_setDelayMs)
    [Anonymous Symbol]                       0x00001e88   Section        0  systick_prog.o(.text.SysTick_Handler)
    [Anonymous Symbol]                       0x00001eac   Section        0  system_tm4c123.o(.text.SystemInit)
    __NVIC_EnableIRQ                         0x00001ec1   Thumb Code    48  dio_prog.o(.text.__NVIC_EnableIRQ)
    [Anonymous Symbol]                       0x00001ec0   Section        0  dio_prog.o(.text.__NVIC_EnableIRQ)
    [Anonymous Symbol]                       0x00001ef0   Section        0  app.o(.text.app_init)
    [Anonymous Symbol]                       0x00001f30   Section        0  app.o(.text.app_superloop)
    [Anonymous Symbol]                       0x00002294   Section        0  main.o(.text.main)
    [Anonymous Symbol]                       0x000022a8   Section        0  app.o(.text.systickCallback)
    $v0                                      0x000022b6   Number         0  fpinit.o(x$fpl$fpinit)
    x$fpl$fpinit                             0x000022b6   Section       26  fpinit.o(x$fpl$fpinit)
    .bss                                     0x20000018   Section       96  libspace.o(.bss)
    GPIO_ptrFuncportaIrqCallback             0x20000078   Data          32  dio_prog.o(.bss.GPIO_ptrFuncportaIrqCallback)
    [Anonymous Symbol]                       0x20000078   Section        0  dio_prog.o(.bss.GPIO_ptrFuncportaIrqCallback)
    GPIO_ptrFuncportbIrqCallback             0x20000098   Data          32  dio_prog.o(.bss.GPIO_ptrFuncportbIrqCallback)
    [Anonymous Symbol]                       0x20000098   Section        0  dio_prog.o(.bss.GPIO_ptrFuncportbIrqCallback)
    GPIO_ptrFuncportcIrqCallback             0x200000b8   Data          32  dio_prog.o(.bss.GPIO_ptrFuncportcIrqCallback)
    [Anonymous Symbol]                       0x200000b8   Section        0  dio_prog.o(.bss.GPIO_ptrFuncportcIrqCallback)
    GPIO_ptrFuncportdIrqCallback             0x200000d8   Data          32  dio_prog.o(.bss.GPIO_ptrFuncportdIrqCallback)
    [Anonymous Symbol]                       0x200000d8   Section        0  dio_prog.o(.bss.GPIO_ptrFuncportdIrqCallback)
    GPIO_ptrFuncporteIrqCallback             0x200000f8   Data          24  dio_prog.o(.bss.GPIO_ptrFuncporteIrqCallback)
    [Anonymous Symbol]                       0x200000f8   Section        0  dio_prog.o(.bss.GPIO_ptrFuncporteIrqCallback)
    GPIO_ptrFuncportfIrqCallback             0x20000110   Data          32  dio_prog.o(.bss.GPIO_ptrFuncportfIrqCallback)
    [Anonymous Symbol]                       0x20000110   Section        0  dio_prog.o(.bss.GPIO_ptrFuncportfIrqCallback)
    allOnStatusFlag                          0x20000130   Data           1  app.o(.bss.allOnStatusFlag)
    [Anonymous Symbol]                       0x20000130   Section        0  app.o(.bss.allOnStatusFlag)
    blueStatusFlag                           0x20000131   Data           1  app.o(.bss.blueStatusFlag)
    [Anonymous Symbol]                       0x20000131   Section        0  app.o(.bss.blueStatusFlag)
    btn                                      0x20000132   Data           1  app.o(.bss.btn)
    [Anonymous Symbol]                       0x20000132   Section        0  app.o(.bss.btn)
    greenStatusFlag                          0x20000133   Data           1  app.o(.bss.greenStatusFlag)
    [Anonymous Symbol]                       0x20000133   Section        0  app.o(.bss.greenStatusFlag)
    pressCounter                             0x20000134   Data           1  app.o(.bss.pressCounter)
    [Anonymous Symbol]                       0x20000134   Section        0  app.o(.bss.pressCounter)
    ptrFucnSystickTrigger                    0x20000138   Data           4  systick_prog.o(.bss.ptrFucnSystickTrigger)
    [Anonymous Symbol]                       0x20000138   Section        0  systick_prog.o(.bss.ptrFucnSystickTrigger)
    redStatusFlag                            0x2000013c   Data           1  app.o(.bss.redStatusFlag)
    [Anonymous Symbol]                       0x2000013c   Section        0  app.o(.bss.redStatusFlag)
    systickFlag                              0x2000013d   Data           1  app.o(.bss.systickFlag)
    [Anonymous Symbol]                       0x2000013d   Section        0  app.o(.bss.systickFlag)
    Heap_Mem                                 0x20000140   Data           0  startup_tm4c123.o(HEAP)
    Stack_Mem                                0x20000140   Data         512  startup_tm4c123.o(STACK)
    HEAP                                     0x20000140   Section        0  startup_tm4c123.o(HEAP)
    STACK                                    0x20000140   Section      512  startup_tm4c123.o(STACK)
    __initial_sp                             0x20000340   Data           0  startup_tm4c123.o(STACK)

    Global Symbols

    Symbol Name                              Value     Ov Type        Size  Object(Section)

    BuildAttributes$$THM_ISAv4$E$P$D$K$B$S$7EM$VFPi3$EXTD16$VFPS$VFMA$PE$A:L22UL41UL21$X:L11$S22US41US21$IEEE1$IW$~IW$USESV6$~STKCKD$USESV7$~SHL$OSPACE$ROPI$EBA8$UX$STANDARDLIB$REQ8$PRES8$EABIv2 0x00000000   Number         0  anon$$obj.o ABSOLUTE
    __Vectors                                0x00000000   Data           4  startup_tm4c123.o(RESET)
    __ARM_exceptions_init                     - Undefined Weak Reference
    __alloca_initialize                       - Undefined Weak Reference
    __arm_preinit_                            - Undefined Weak Reference
    __arm_relocate_pie_                       - Undefined Weak Reference
    __cpp_initialize__aeabi_                  - Undefined Weak Reference
    __cxa_finalize                            - Undefined Weak Reference
    __rt_locale                               - Undefined Weak Reference
    __sigvec_lookup                           - Undefined Weak Reference
    _atexit_init                              - Undefined Weak Reference
    _call_atexit_fns                          - Undefined Weak Reference
    _clock_init                               - Undefined Weak Reference
    _fp_trap_init                             - Undefined Weak Reference
    _fp_trap_shutdown                         - Undefined Weak Reference
    _get_lc_collate                           - Undefined Weak Reference
    _get_lc_ctype                             - Undefined Weak Reference
    _get_lc_monetary                          - Undefined Weak Reference
    _get_lc_numeric                           - Undefined Weak Reference
    _get_lc_time                              - Undefined Weak Reference
    _getenv_init                              - Undefined Weak Reference
    _handle_redirection                       - Undefined Weak Reference
    _init_alloc                               - Undefined Weak Reference
    _init_user_alloc                          - Undefined Weak Reference
    _initio                                   - Undefined Weak Reference
    _rand_init                                - Undefined Weak Reference
    _signal_finish                            - Undefined Weak Reference
    _signal_init                              - Undefined Weak Reference
    _terminate_alloc                          - Undefined Weak Reference
    _terminate_user_alloc                     - Undefined Weak Reference
    _terminateio                              - Undefined Weak Reference
    __Vectors_End                            0x0000026c   Data           0  startup_tm4c123.o(RESET)
    __Vectors_Size                           0x0000026c   Number         0  startup_tm4c123.o ABSOLUTE
    __main                                   0x0000026d   Thumb Code     8  __main.o(!!!main)
    __scatterload                            0x00000275   Thumb Code     0  __scatter.o(!!!scatter)
    __scatterload_rt2                        0x00000275   Thumb Code    44  __scatter.o(!!!scatter)
    __scatterload_rt2_thumb_only             0x00000275   Thumb Code     0  __scatter.o(!!!scatter)
    __scatterload_null                       0x00000283   Thumb Code     0  __scatter.o(!!!scatter)
    __scatterload_copy                       0x000002a9   Thumb Code    26  __scatter_copy.o(!!handler_copy)
    __scatterload_zeroinit                   0x000002c5   Thumb Code    28  __scatter_zi.o(!!handler_zi)
    __rt_lib_init                            0x000002e1   Thumb Code     0  libinit.o(.ARM.Collect$$libinit$$00000000)
    __rt_lib_init_fp_1                       0x000002e3   Thumb Code     0  libinit2.o(.ARM.Collect$$libinit$$00000001)
    __rt_lib_init_alloca_1                   0x000002e7   Thumb Code     0  libinit2.o(.ARM.Collect$$libinit$$00000030)
    __rt_lib_init_argv_1                     0x000002e7   Thumb Code     0  libinit2.o(.ARM.Collect$$libinit$$0000002E)
    __rt_lib_init_atexit_1                   0x000002e7   Thumb Code     0  libinit2.o(.ARM.Collect$$libinit$$0000001D)
    __rt_lib_init_clock_1                    0x000002e7   Thumb Code     0  libinit2.o(.ARM.Collect$$libinit$$00000023)
    __rt_lib_init_cpp_1                      0x000002e7   Thumb Code     0  libinit2.o(.ARM.Collect$$libinit$$00000034)
    __rt_lib_init_exceptions_1               0x000002e7   Thumb Code     0  libinit2.o(.ARM.Collect$$libinit$$00000032)
    __rt_lib_init_fp_trap_1                  0x000002e7   Thumb Code     0  libinit2.o(.ARM.Collect$$libinit$$00000021)
    __rt_lib_init_getenv_1                   0x000002e7   Thumb Code     0  libinit2.o(.ARM.Collect$$libinit$$00000025)
    __rt_lib_init_heap_1                     0x000002e7   Thumb Code     0  libinit2.o(.ARM.Collect$$libinit$$0000000C)
    __rt_lib_init_lc_collate_1               0x000002e7   Thumb Code     0  libinit2.o(.ARM.Collect$$libinit$$00000013)
    __rt_lib_init_lc_ctype_1                 0x000002e7   Thumb Code     0  libinit2.o(.ARM.Collect$$libinit$$00000015)
    __rt_lib_init_lc_monetary_1              0x000002e7   Thumb Code     0  libinit2.o(.ARM.Collect$$libinit$$00000017)
    __rt_lib_init_lc_numeric_1               0x000002e7   Thumb Code     0  libinit2.o(.ARM.Collect$$libinit$$00000019)
    __rt_lib_init_lc_time_1                  0x000002e7   Thumb Code     0  libinit2.o(.ARM.Collect$$libinit$$0000001B)
    __rt_lib_init_preinit_1                  0x000002e7   Thumb Code     0  libinit2.o(.ARM.Collect$$libinit$$00000006)
    __rt_lib_init_rand_1                     0x000002e7   Thumb Code     0  libinit2.o(.ARM.Collect$$libinit$$00000010)
    __rt_lib_init_relocate_pie_1             0x000002e7   Thumb Code     0  libinit2.o(.ARM.Collect$$libinit$$00000004)
    __rt_lib_init_return                     0x000002e7   Thumb Code     0  libinit2.o(.ARM.Collect$$libinit$$00000035)
    __rt_lib_init_signal_1                   0x000002e7   Thumb Code     0  libinit2.o(.ARM.Collect$$libinit$$0000001F)
    __rt_lib_init_stdio_1                    0x000002e7   Thumb Code     0  libinit2.o(.ARM.Collect$$libinit$$00000027)
    __rt_lib_init_user_alloc_1               0x000002e7   Thumb Code     0  libinit2.o(.ARM.Collect$$libinit$$0000000E)
    __rt_lib_shutdown                        0x000002e9   Thumb Code     0  libshutdown.o(.ARM.Collect$$libshutdown$$00000000)
    __rt_lib_shutdown_cpp_1                  0x000002eb   Thumb Code     0  libshutdown2.o(.ARM.Collect$$libshutdown$$00000002)
    __rt_lib_shutdown_fp_trap_1              0x000002eb   Thumb Code     0  libshutdown2.o(.ARM.Collect$$libshutdown$$00000007)
    __rt_lib_shutdown_heap_1                 0x000002eb   Thumb Code     0  libshutdown2.o(.ARM.Collect$$libshutdown$$0000000F)
    __rt_lib_shutdown_return                 0x000002eb   Thumb Code     0  libshutdown2.o(.ARM.Collect$$libshutdown$$00000010)
    __rt_lib_shutdown_signal_1               0x000002eb   Thumb Code     0  libshutdown2.o(.ARM.Collect$$libshutdown$$0000000A)
    __rt_lib_shutdown_stdio_1                0x000002eb   Thumb Code     0  libshutdown2.o(.ARM.Collect$$libshutdown$$00000004)
    __rt_lib_shutdown_user_alloc_1           0x000002eb   Thumb Code     0  libshutdown2.o(.ARM.Collect$$libshutdown$$0000000C)
    __rt_entry                               0x000002ed   Thumb Code     0  __rtentry.o(.ARM.Collect$$rtentry$$00000000)
    __rt_entry_presh_1                       0x000002ed   Thumb Code     0  __rtentry2.o(.ARM.Collect$$rtentry$$00000002)
    __rt_entry_sh                            0x000002ed   Thumb Code     0  __rtentry4.o(.ARM.Collect$$rtentry$$00000004)
    __rt_entry_li                            0x000002f3   Thumb Code     0  __rtentry2.o(.ARM.Collect$$rtentry$$0000000A)
    __rt_entry_postsh_1                      0x000002f3   Thumb Code     0  __rtentry2.o(.ARM.Collect$$rtentry$$00000009)
    __rt_entry_main                          0x000002f7   Thumb Code     0  __rtentry2.o(.ARM.Collect$$rtentry$$0000000D)
    __rt_entry_postli_1                      0x000002f7   Thumb Code     0  __rtentry2.o(.ARM.Collect$$rtentry$$0000000C)
    __rt_exit                                0x000002ff   Thumb Code     0  rtexit.o(.ARM.Collect$$rtexit$$00000000)
    __rt_exit_ls                             0x00000301   Thumb Code     0  rtexit2.o(.ARM.Collect$$rtexit$$00000003)
    __rt_exit_prels_1                        0x00000301   Thumb Code     0  rtexit2.o(.ARM.Collect$$rtexit$$00000002)
    __rt_exit_exit                           0x00000305   Thumb Code     0  rtexit2.o(.ARM.Collect$$rtexit$$00000004)
    Reset_Handler                            0x0000030d   Thumb Code     8  startup_tm4c123.o(.text)
    NMI_Handler                              0x00000315   Thumb Code     2  startup_tm4c123.o(.text)
    HardFault_Handler                        0x00000317   Thumb Code     2  startup_tm4c123.o(.text)
    MemManage_Handler                        0x00000319   Thumb Code     2  startup_tm4c123.o(.text)
    BusFault_Handler                         0x0000031b   Thumb Code     2  startup_tm4c123.o(.text)
    UsageFault_Handler                       0x0000031d   Thumb Code     2  startup_tm4c123.o(.text)
    SVC_Handler                              0x0000031f   Thumb Code     2  startup_tm4c123.o(.text)
    DebugMon_Handler                         0x00000321   Thumb Code     2  startup_tm4c123.o(.text)
    PendSV_Handler                           0x00000323   Thumb Code     2  startup_tm4c123.o(.text)
    UART0_Handler                            0x00000331   Thumb Code     2  startup_tm4c123.o(.text)
    UART1_Handler                            0x00000333   Thumb Code     2  startup_tm4c123.o(.text)
    SSI0_Handler                             0x00000335   Thumb Code     2  startup_tm4c123.o(.text)
    I2C0_Handler                             0x00000337   Thumb Code     2  startup_tm4c123.o(.text)
    PMW0_FAULT_Handler                       0x00000339   Thumb Code     2  startup_tm4c123.o(.text)
    PWM0_0_Handler                           0x0000033b   Thumb Code     2  startup_tm4c123.o(.text)
    PWM0_1_Handler                           0x0000033d   Thumb Code     2  startup_tm4c123.o(.text)
    PWM0_2_Handler                           0x0000033f   Thumb Code     2  startup_tm4c123.o(.text)
    QEI0_Handler                             0x00000341   Thumb Code     2  startup_tm4c123.o(.text)
    ADC0SS0_Handler                          0x00000343   Thumb Code     2  startup_tm4c123.o(.text)
    ADC0SS1_Handler                          0x00000345   Thumb Code     2  startup_tm4c123.o(.text)
    ADC0SS2_Handler                          0x00000347   Thumb Code     2  startup_tm4c123.o(.text)
    ADC0SS3_Handler                          0x00000349   Thumb Code     2  startup_tm4c123.o(.text)
    WDT0_Handler                             0x0000034b   Thumb Code     2  startup_tm4c123.o(.text)
    TIMER0A_Handler                          0x0000034d   Thumb Code     2  startup_tm4c123.o(.text)
    TIMER0B_Handler                          0x0000034f   Thumb Code     2  startup_tm4c123.o(.text)
    TIMER1A_Handler                          0x00000351   Thumb Code     2  startup_tm4c123.o(.text)
    TIMER1B_Handler                          0x00000353   Thumb Code     2  startup_tm4c123.o(.text)
    TIMER2A_Handler                          0x00000355   Thumb Code     2  startup_tm4c123.o(.text)
    TIMER2B_Handler                          0x00000357   Thumb Code     2  startup_tm4c123.o(.text)
    COMP0_Handler                            0x00000359   Thumb Code     2  startup_tm4c123.o(.text)
    COMP1_Handler                            0x0000035b   Thumb Code     2  startup_tm4c123.o(.text)
    COMP2_Handler                            0x0000035d   Thumb Code     2  startup_tm4c123.o(.text)
    SYSCTL_Handler                           0x0000035f   Thumb Code     2  startup_tm4c123.o(.text)
    FLASH_Handler                            0x00000361   Thumb Code     2  startup_tm4c123.o(.text)
    GPIOG_Handler                            0x00000365   Thumb Code     2  startup_tm4c123.o(.text)
    GPIOH_Handler                            0x00000367   Thumb Code     2  startup_tm4c123.o(.text)
    UART2_Handler                            0x00000369   Thumb Code     2  startup_tm4c123.o(.text)
    SSI1_Handler                             0x0000036b   Thumb Code     2  startup_tm4c123.o(.text)
    TIMER3A_Handler                          0x0000036d   Thumb Code     2  startup_tm4c123.o(.text)
    TIMER3B_Handler                          0x0000036f   Thumb Code     2  startup_tm4c123.o(.text)
    I2C1_Handler                             0x00000371   Thumb Code     2  startup_tm4c123.o(.text)
    QEI1_Handler                             0x00000373   Thumb Code     2  startup_tm4c123.o(.text)
    CAN0_Handler                             0x00000375   Thumb Code     2  startup_tm4c123.o(.text)
    CAN1_Handler                             0x00000377   Thumb Code     2  startup_tm4c123.o(.text)
    CAN2_Handler                             0x00000379   Thumb Code     2  startup_tm4c123.o(.text)
    HIB_Handler                              0x0000037b   Thumb Code     2  startup_tm4c123.o(.text)
    USB0_Handler                             0x0000037d   Thumb Code     2  startup_tm4c123.o(.text)
    PWM0_3_Handler                           0x0000037f   Thumb Code     2  startup_tm4c123.o(.text)
    UDMA_Handler                             0x00000381   Thumb Code     2  startup_tm4c123.o(.text)
    UDMAERR_Handler                          0x00000383   Thumb Code     2  startup_tm4c123.o(.text)
    ADC1SS0_Handler                          0x00000385   Thumb Code     2  startup_tm4c123.o(.text)
    ADC1SS1_Handler                          0x00000387   Thumb Code     2  startup_tm4c123.o(.text)
    ADC1SS2_Handler                          0x00000389   Thumb Code     2  startup_tm4c123.o(.text)
    ADC1SS3_Handler                          0x0000038b   Thumb Code     2  startup_tm4c123.o(.text)
    GPIOJ_Handler                            0x0000038d   Thumb Code     2  startup_tm4c123.o(.text)
    GPIOK_Handler                            0x0000038f   Thumb Code     2  startup_tm4c123.o(.text)
    GPIOL_Handler                            0x00000391   Thumb Code     2  startup_tm4c123.o(.text)
    SSI2_Handler                             0x00000393   Thumb Code     2  startup_tm4c123.o(.text)
    SSI3_Handler                             0x00000395   Thumb Code     2  startup_tm4c123.o(.text)
    UART3_Handler                            0x00000397   Thumb Code     2  startup_tm4c123.o(.text)
    UART4_Handler                            0x00000399   Thumb Code     2  startup_tm4c123.o(.text)
    UART5_Handler                            0x0000039b   Thumb Code     2  startup_tm4c123.o(.text)
    UART6_Handler                            0x0000039d   Thumb Code     2  startup_tm4c123.o(.text)
    UART7_Handler                            0x0000039f   Thumb Code     2  startup_tm4c123.o(.text)
    I2C2_Handler                             0x000003a1   Thumb Code     2  startup_tm4c123.o(.text)
    I2C3_Handler                             0x000003a3   Thumb Code     2  startup_tm4c123.o(.text)
    TIMER4A_Handler                          0x000003a5   Thumb Code     2  startup_tm4c123.o(.text)
    TIMER4B_Handler                          0x000003a7   Thumb Code     2  startup_tm4c123.o(.text)
    TIMER5A_Handler                          0x000003a9   Thumb Code     2  startup_tm4c123.o(.text)
    TIMER5B_Handler                          0x000003ab   Thumb Code     2  startup_tm4c123.o(.text)
    WTIMER0A_Handler                         0x000003ad   Thumb Code     2  startup_tm4c123.o(.text)
    WTIMER0B_Handler                         0x000003af   Thumb Code     2  startup_tm4c123.o(.text)
    WTIMER1A_Handler                         0x000003b1   Thumb Code     2  startup_tm4c123.o(.text)
    WTIMER1B_Handler                         0x000003b3   Thumb Code     2  startup_tm4c123.o(.text)
    WTIMER2A_Handler                         0x000003b5   Thumb Code     2  startup_tm4c123.o(.text)
    WTIMER2B_Handler                         0x000003b7   Thumb Code     2  startup_tm4c123.o(.text)
    WTIMER3A_Handler                         0x000003b9   Thumb Code     2  startup_tm4c123.o(.text)
    WTIMER3B_Handler                         0x000003bb   Thumb Code     2  startup_tm4c123.o(.text)
    WTIMER4A_Handler                         0x000003bd   Thumb Code     2  startup_tm4c123.o(.text)
    WTIMER4B_Handler                         0x000003bf   Thumb Code     2  startup_tm4c123.o(.text)
    WTIMER5A_Handler                         0x000003c1   Thumb Code     2  startup_tm4c123.o(.text)
    WTIMER5B_Handler                         0x000003c3   Thumb Code     2  startup_tm4c123.o(.text)
    FPU_Handler                              0x000003c5   Thumb Code     2  startup_tm4c123.o(.text)
    I2C4_Handler                             0x000003c7   Thumb Code     2  startup_tm4c123.o(.text)
    I2C5_Handler                             0x000003c9   Thumb Code     2  startup_tm4c123.o(.text)
    GPIOM_Handler                            0x000003cb   Thumb Code     2  startup_tm4c123.o(.text)
    GPION_Handler                            0x000003cd   Thumb Code     2  startup_tm4c123.o(.text)
    QEI2_Handler                             0x000003cf   Thumb Code     2  startup_tm4c123.o(.text)
    GPIOP0_Handler                           0x000003d1   Thumb Code     2  startup_tm4c123.o(.text)
    GPIOP1_Handler                           0x000003d3   Thumb Code     2  startup_tm4c123.o(.text)
    GPIOP2_Handler                           0x000003d5   Thumb Code     2  startup_tm4c123.o(.text)
    GPIOP3_Handler                           0x000003d7   Thumb Code     2  startup_tm4c123.o(.text)
    GPIOP4_Handler                           0x000003d9   Thumb Code     2  startup_tm4c123.o(.text)
    GPIOP5_Handler                           0x000003db   Thumb Code     2  startup_tm4c123.o(.text)
    GPIOP6_Handler                           0x000003dd   Thumb Code     2  startup_tm4c123.o(.text)
    GPIOP7_Handler                           0x000003df   Thumb Code     2  startup_tm4c123.o(.text)
    GPIOQ0_Handler                           0x000003e1   Thumb Code     2  startup_tm4c123.o(.text)
    GPIOQ1_Handler                           0x000003e3   Thumb Code     2  startup_tm4c123.o(.text)
    GPIOQ2_Handler                           0x000003e5   Thumb Code     2  startup_tm4c123.o(.text)
    GPIOQ3_Handler                           0x000003e7   Thumb Code     2  startup_tm4c123.o(.text)
    GPIOQ4_Handler                           0x000003e9   Thumb Code     2  startup_tm4c123.o(.text)
    GPIOQ5_Handler                           0x000003eb   Thumb Code     2  startup_tm4c123.o(.text)
    GPIOQ6_Handler                           0x000003ed   Thumb Code     2  startup_tm4c123.o(.text)
    GPIOQ7_Handler                           0x000003ef   Thumb Code     2  startup_tm4c123.o(.text)
    GPIOR_Handler                            0x000003f1   Thumb Code     2  startup_tm4c123.o(.text)
    GPIOS_Handler                            0x000003f3   Thumb Code     2  startup_tm4c123.o(.text)
    PMW1_0_Handler                           0x000003f5   Thumb Code     2  startup_tm4c123.o(.text)
    PWM1_1_Handler                           0x000003f7   Thumb Code     2  startup_tm4c123.o(.text)
    PWM1_2_Handler                           0x000003f9   Thumb Code     2  startup_tm4c123.o(.text)
    PWM1_3_Handler                           0x000003fb   Thumb Code     2  startup_tm4c123.o(.text)
    PWM1_FAULT_Handler                       0x000003fd   Thumb Code     2  startup_tm4c123.o(.text)
    __user_initial_stackheap                 0x00000401   Thumb Code     0  startup_tm4c123.o(.text)
    __use_two_region_memory                  0x00000421   Thumb Code     2  heapauxi.o(.text)
    __rt_heap_escrow$2region                 0x00000423   Thumb Code     2  heapauxi.o(.text)
    __rt_heap_expand$2region                 0x00000425   Thumb Code     2  heapauxi.o(.text)
    __user_setup_stackheap                   0x00000427   Thumb Code    74  sys_stackheap_outer.o(.text)
    exit                                     0x00000471   Thumb Code    18  exit.o(.text)
    __user_libspace                          0x00000485   Thumb Code     8  libspace.o(.text)
    __user_perproc_libspace                  0x00000485   Thumb Code     0  libspace.o(.text)
    __user_perthread_libspace                0x00000485   Thumb Code     0  libspace.o(.text)
    _sys_exit                                0x0000048d   Thumb Code     8  sys_exit.o(.text)
    __I$use$semihosting                      0x00000499   Thumb Code     0  use_no_semi.o(.text)
    __use_no_semihosting_swi                 0x00000499   Thumb Code     2  use_no_semi.o(.text)
    __semihosting_library_function           0x0000049b   Thumb Code     0  indicate_semi.o(.text)
    GPIOA_Handler                            0x0000049d   Thumb Code   132  dio_prog.o(.text.GPIOA_Handler)
    GPIOB_Handler                            0x00000521   Thumb Code   132  dio_prog.o(.text.GPIOB_Handler)
    GPIOC_Handler                            0x000005a5   Thumb Code   132  dio_prog.o(.text.GPIOC_Handler)
    GPIOD_Handler                            0x00000629   Thumb Code   132  dio_prog.o(.text.GPIOD_Handler)
    GPIOE_Handler                            0x000006ad   Thumb Code   132  dio_prog.o(.text.GPIOE_Handler)
    GPIOF_Handler                            0x00000731   Thumb Code   132  dio_prog.o(.text.GPIOF_Handler)
    GPIO_init                                0x000007b5   Thumb Code  3820  dio_prog.o(.text.GPIO_init)
    GPIO_interruptPortEnable                 0x000016a1   Thumb Code   202  dio_prog.o(.text.GPIO_interruptPortEnable)
    GPIO_readLogic                           0x0000176d   Thumb Code   140  dio_prog.o(.text.GPIO_readLogic)
    GPIO_setPinCallbackHandelr               0x000017f9   Thumb Code   288  dio_prog.o(.text.GPIO_setPinCallbackHandelr)
    GPIO_writeLogic                          0x00001919   Thumb Code   194  dio_prog.o(.text.GPIO_writeLogic)
    LED_initialize                           0x000019dd   Thumb Code   130  led_prog.o(.text.LED_initialize)
    LED_turnOff                              0x00001a61   Thumb Code   132  led_prog.o(.text.LED_turnOff)
    LED_turnOn                               0x00001ae5   Thumb Code   132  led_prog.o(.text.LED_turnOn)
    PUSH_BTN_intialize                       0x00001b69   Thumb Code   128  push_btn_prog.o(.text.PUSH_BTN_intialize)
    PUSH_BTN_read_state                      0x00001be9   Thumb Code   266  push_btn_prog.o(.text.PUSH_BTN_read_state)
    SYSTICK_init                             0x00001cf5   Thumb Code   332  systick_prog.o(.text.SYSTICK_init)
    SYSTICK_setDelayMs                       0x00001e41   Thumb Code    70  systick_prog.o(.text.SYSTICK_setDelayMs)
    SysTick_Handler                          0x00001e89   Thumb Code    34  systick_prog.o(.text.SysTick_Handler)
    SystemInit                               0x00001ead   Thumb Code    18  system_tm4c123.o(.text.SystemInit)
    app_init                                 0x00001ef1   Thumb Code    62  app.o(.text.app_init)
    app_superloop                            0x00001f31   Thumb Code   868  app.o(.text.app_superloop)
    main                                     0x00002295   Thumb Code    20  main.o(.text.main)
    systickCallback                          0x000022a9   Thumb Code    14  app.o(.text.systickCallback)
    _fp_init                                 0x000022b7   Thumb Code    26  fpinit.o(x$fpl$fpinit)
    __fplib_config_fpu_vfp                   0x000022cf   Thumb Code     0  fpinit.o(x$fpl$fpinit)
    __fplib_config_pureend_doubles           0x000022cf   Thumb Code     0  fpinit.o(x$fpl$fpinit)
    Region$$Table$$Base                      0x000022d0   Number         0  anon$$obj.o(Region$$Table)
    Region$$Table$$Limit                     0x000022f0   Number         0  anon$$obj.o(Region$$Table)
    SystemCoreClock                          0x20000000   Data           4  system_tm4c123.o(.data.SystemCoreClock)
    a_ledCfgPins                             0x20000004   Data           9  led_config.o(.data.a_ledCfgPins)
    a_pushBtnCfgPins                         0x2000000d   Data           3  push_btn_config.o(.data.a_pushBtnCfgPins)
    a_systickCfg                             0x20000010   Data           8  systick_config.o(.data.a_systickCfg)
    __libspace_start                         0x20000018   Data          96  libspace.o(.bss)
    __temporary_stack_top$libspace           0x20000078   Data           0  libspace.o(.bss)



==============================================================================

Memory Map of the image

  Image Entry point : 0x0000026d

  Load Region LR_IROM1 (Base: 0x00000000, Size: 0x00002308, Max: 0x00040000, ABSOLUTE)

    Execution Region ER_IROM1 (Exec base: 0x00000000, Load base: 0x00000000, Size: 0x000022f0, Max: 0x00040000, ABSOLUTE)

    Exec Addr    Load Addr    Size         Type   Attr      Idx    E Section Name        Object

    0x00000000   0x00000000   0x0000026c   Data   RO          149    RESET               startup_tm4c123.o
    0x0000026c   0x0000026c   0x00000008   Code   RO          174  * !!!main             c_w.l(__main.o)
    0x00000274   0x00000274   0x00000034   Code   RO          339    !!!scatter          c_w.l(__scatter.o)
    0x000002a8   0x000002a8   0x0000001a   Code   RO          341    !!handler_copy      c_w.l(__scatter_copy.o)
    0x000002c2   0x000002c2   0x00000002   PAD
    0x000002c4   0x000002c4   0x0000001c   Code   RO          343    !!handler_zi        c_w.l(__scatter_zi.o)
    0x000002e0   0x000002e0   0x00000002   Code   RO          201    .ARM.Collect$$libinit$$00000000  c_w.l(libinit.o)
    0x000002e2   0x000002e2   0x00000004   Code   RO          207    .ARM.Collect$$libinit$$00000001  c_w.l(libinit2.o)
    0x000002e6   0x000002e6   0x00000000   Code   RO          210    .ARM.Collect$$libinit$$00000004  c_w.l(libinit2.o)
    0x000002e6   0x000002e6   0x00000000   Code   RO          212    .ARM.Collect$$libinit$$00000006  c_w.l(libinit2.o)
    0x000002e6   0x000002e6   0x00000000   Code   RO          215    .ARM.Collect$$libinit$$0000000C  c_w.l(libinit2.o)
    0x000002e6   0x000002e6   0x00000000   Code   RO          217    .ARM.Collect$$libinit$$0000000E  c_w.l(libinit2.o)
    0x000002e6   0x000002e6   0x00000000   Code   RO          219    .ARM.Collect$$libinit$$00000010  c_w.l(libinit2.o)
    0x000002e6   0x000002e6   0x00000000   Code   RO          222    .ARM.Collect$$libinit$$00000013  c_w.l(libinit2.o)
    0x000002e6   0x000002e6   0x00000000   Code   RO          224    .ARM.Collect$$libinit$$00000015  c_w.l(libinit2.o)
    0x000002e6   0x000002e6   0x00000000   Code   RO          226    .ARM.Collect$$libinit$$00000017  c_w.l(libinit2.o)
    0x000002e6   0x000002e6   0x00000000   Code   RO          228    .ARM.Collect$$libinit$$00000019  c_w.l(libinit2.o)
    0x000002e6   0x000002e6   0x00000000   Code   RO          230    .ARM.Collect$$libinit$$0000001B  c_w.l(libinit2.o)
    0x000002e6   0x000002e6   0x00000000   Code   RO          232    .ARM.Collect$$libinit$$0000001D  c_w.l(libinit2.o)
    0x000002e6   0x000002e6   0x00000000   Code   RO          234    .ARM.Collect$$libinit$$0000001F  c_w.l(libinit2.o)
    0x000002e6   0x000002e6   0x00000000   Code   RO          236    .ARM.Collect$$libinit$$00000021  c_w.l(libinit2.o)
    0x000002e6   0x000002e6   0x00000000   Code   RO          238    .ARM.Collect$$libinit$$00000023  c_w.l(libinit2.o)
    0x000002e6   0x000002e6   0x00000000   Code   RO          240    .ARM.Collect$$libinit$$00000025  c_w.l(libinit2.o)
    0x000002e6   0x000002e6   0x00000000   Code   RO          242    .ARM.Collect$$libinit$$00000027  c_w.l(libinit2.o)
    0x000002e6   0x000002e6   0x00000000   Code   RO          246    .ARM.Collect$$libinit$$0000002E  c_w.l(libinit2.o)
    0x000002e6   0x000002e6   0x00000000   Code   RO          248    .ARM.Collect$$libinit$$00000030  c_w.l(libinit2.o)
    0x000002e6   0x000002e6   0x00000000   Code   RO          250    .ARM.Collect$$libinit$$00000032  c_w.l(libinit2.o)
    0x000002e6   0x000002e6   0x00000000   Code   RO          252    .ARM.Collect$$libinit$$00000034  c_w.l(libinit2.o)
    0x000002e6   0x000002e6   0x00000002   Code   RO          253    .ARM.Collect$$libinit$$00000035  c_w.l(libinit2.o)
    0x000002e8   0x000002e8   0x00000002   Code   RO          275    .ARM.Collect$$libshutdown$$00000000  c_w.l(libshutdown.o)
    0x000002ea   0x000002ea   0x00000000   Code   RO          290    .ARM.Collect$$libshutdown$$00000002  c_w.l(libshutdown2.o)
    0x000002ea   0x000002ea   0x00000000   Code   RO          292    .ARM.Collect$$libshutdown$$00000004  c_w.l(libshutdown2.o)
    0x000002ea   0x000002ea   0x00000000   Code   RO          295    .ARM.Collect$$libshutdown$$00000007  c_w.l(libshutdown2.o)
    0x000002ea   0x000002ea   0x00000000   Code   RO          298    .ARM.Collect$$libshutdown$$0000000A  c_w.l(libshutdown2.o)
    0x000002ea   0x000002ea   0x00000000   Code   RO          300    .ARM.Collect$$libshutdown$$0000000C  c_w.l(libshutdown2.o)
    0x000002ea   0x000002ea   0x00000000   Code   RO          303    .ARM.Collect$$libshutdown$$0000000F  c_w.l(libshutdown2.o)
    0x000002ea   0x000002ea   0x00000002   Code   RO          304    .ARM.Collect$$libshutdown$$00000010  c_w.l(libshutdown2.o)
    0x000002ec   0x000002ec   0x00000000   Code   RO          176    .ARM.Collect$$rtentry$$00000000  c_w.l(__rtentry.o)
    0x000002ec   0x000002ec   0x00000000   Code   RO          178    .ARM.Collect$$rtentry$$00000002  c_w.l(__rtentry2.o)
    0x000002ec   0x000002ec   0x00000006   Code   RO          190    .ARM.Collect$$rtentry$$00000004  c_w.l(__rtentry4.o)
    0x000002f2   0x000002f2   0x00000000   Code   RO          180    .ARM.Collect$$rtentry$$00000009  c_w.l(__rtentry2.o)
    0x000002f2   0x000002f2   0x00000004   Code   RO          181    .ARM.Collect$$rtentry$$0000000A  c_w.l(__rtentry2.o)
    0x000002f6   0x000002f6   0x00000000   Code   RO          183    .ARM.Collect$$rtentry$$0000000C  c_w.l(__rtentry2.o)
    0x000002f6   0x000002f6   0x00000008   Code   RO          184    .ARM.Collect$$rtentry$$0000000D  c_w.l(__rtentry2.o)
    0x000002fe   0x000002fe   0x00000002   Code   RO          205    .ARM.Collect$$rtexit$$00000000  c_w.l(rtexit.o)
    0x00000300   0x00000300   0x00000000   Code   RO          255    .ARM.Collect$$rtexit$$00000002  c_w.l(rtexit2.o)
    0x00000300   0x00000300   0x00000004   Code   RO          256    .ARM.Collect$$rtexit$$00000003  c_w.l(rtexit2.o)
    0x00000304   0x00000304   0x00000006   Code   RO          257    .ARM.Collect$$rtexit$$00000004  c_w.l(rtexit2.o)
    0x0000030a   0x0000030a   0x00000002   PAD
    0x0000030c   0x0000030c   0x00000114   Code   RO          150    .text               startup_tm4c123.o
    0x00000420   0x00000420   0x00000006   Code   RO          172    .text               c_w.l(heapauxi.o)
    0x00000426   0x00000426   0x0000004a   Code   RO          192    .text               c_w.l(sys_stackheap_outer.o)
    0x00000470   0x00000470   0x00000012   Code   RO          194    .text               c_w.l(exit.o)
    0x00000482   0x00000482   0x00000002   PAD
    0x00000484   0x00000484   0x00000008   Code   RO          202    .text               c_w.l(libspace.o)
    0x0000048c   0x0000048c   0x0000000c   Code   RO          265    .text               c_w.l(sys_exit.o)
    0x00000498   0x00000498   0x00000002   Code   RO          280    .text               c_w.l(use_no_semi.o)
    0x0000049a   0x0000049a   0x00000000   Code   RO          282    .text               c_w.l(indicate_semi.o)
    0x0000049a   0x0000049a   0x00000002   PAD
    0x0000049c   0x0000049c   0x00000084   Code   RO           24    .text.GPIOA_Handler  dio_prog.o
    0x00000520   0x00000520   0x00000084   Code   RO           26    .text.GPIOB_Handler  dio_prog.o
    0x000005a4   0x000005a4   0x00000084   Code   RO           28    .text.GPIOC_Handler  dio_prog.o
    0x00000628   0x00000628   0x00000084   Code   RO           30    .text.GPIOD_Handler  dio_prog.o
    0x000006ac   0x000006ac   0x00000084   Code   RO           32    .text.GPIOE_Handler  dio_prog.o
    0x00000730   0x00000730   0x00000084   Code   RO           34    .text.GPIOF_Handler  dio_prog.o
    0x000007b4   0x000007b4   0x00000eec   Code   RO            2    .text.GPIO_init     dio_prog.o
    0x000016a0   0x000016a0   0x000000ca   Code   RO            6    .text.GPIO_interruptPortEnable  dio_prog.o
    0x0000176a   0x0000176a   0x00000002   PAD
    0x0000176c   0x0000176c   0x0000008c   Code   RO           12    .text.GPIO_readLogic  dio_prog.o
    0x000017f8   0x000017f8   0x00000120   Code   RO            4    .text.GPIO_setPinCallbackHandelr  dio_prog.o
    0x00001918   0x00001918   0x000000c2   Code   RO           10    .text.GPIO_writeLogic  dio_prog.o
    0x000019da   0x000019da   0x00000002   PAD
    0x000019dc   0x000019dc   0x00000082   Code   RO           64    .text.LED_initialize  led_prog.o
    0x00001a5e   0x00001a5e   0x00000002   PAD
    0x00001a60   0x00001a60   0x00000084   Code   RO           68    .text.LED_turnOff   led_prog.o
    0x00001ae4   0x00001ae4   0x00000084   Code   RO           66    .text.LED_turnOn    led_prog.o
    0x00001b68   0x00001b68   0x00000080   Code   RO           85    .text.PUSH_BTN_intialize  push_btn_prog.o
    0x00001be8   0x00001be8   0x0000010a   Code   RO           87    .text.PUSH_BTN_read_state  push_btn_prog.o
    0x00001cf2   0x00001cf2   0x00000002   PAD
    0x00001cf4   0x00001cf4   0x0000014c   Code   RO          122    .text.SYSTICK_init  systick_prog.o
    0x00001e40   0x00001e40   0x00000046   Code   RO          130    .text.SYSTICK_setDelayMs  systick_prog.o
    0x00001e86   0x00001e86   0x00000002   PAD
    0x00001e88   0x00001e88   0x00000022   Code   RO          132    .text.SysTick_Handler  systick_prog.o
    0x00001eaa   0x00001eaa   0x00000002   PAD
    0x00001eac   0x00001eac   0x00000012   Code   RO          161    .text.SystemInit    system_tm4c123.o
    0x00001ebe   0x00001ebe   0x00000002   PAD
    0x00001ec0   0x00001ec0   0x00000030   Code   RO           18    .text.__NVIC_EnableIRQ  dio_prog.o
    0x00001ef0   0x00001ef0   0x0000003e   Code   RO          102    .text.app_init      app.o
    0x00001f2e   0x00001f2e   0x00000002   PAD
    0x00001f30   0x00001f30   0x00000364   Code   RO          104    .text.app_superloop  app.o
    0x00002294   0x00002294   0x00000014   Code   RO           55    .text.main          main.o
    0x000022a8   0x000022a8   0x0000000e   Code   RO          106    .text.systickCallback  app.o
    0x000022b6   0x000022b6   0x0000001a   Code   RO          263    x$fpl$fpinit        fz_wm.l(fpinit.o)
    0x000022d0   0x000022d0   0x00000020   Data   RO          338    Region$$Table       anon$$obj.o


    Execution Region RW_IRAM1 (Exec base: 0x20000000, Load base: 0x000022f0, Size: 0x00000340, Max: 0x00008000, ABSOLUTE)

    Exec Addr    Load Addr    Size         Type   Attr      Idx    E Section Name        Object

    0x20000000   0x000022f0   0x00000004   Data   RW          163    .data.SystemCoreClock  system_tm4c123.o
    0x20000004   0x000022f4   0x00000009   Data   RW           79    .data.a_ledCfgPins  led_config.o
    0x2000000d   0x000022fd   0x00000003   Data   RW           96    .data.a_pushBtnCfgPins  push_btn_config.o
    0x20000010   0x00002300   0x00000008   Data   RW          142    .data.a_systickCfg  systick_config.o
    0x20000018        -       0x00000060   Zero   RW          203    .bss                c_w.l(libspace.o)
    0x20000078        -       0x00000020   Zero   RW           36    .bss.GPIO_ptrFuncportaIrqCallback  dio_prog.o
    0x20000098        -       0x00000020   Zero   RW           37    .bss.GPIO_ptrFuncportbIrqCallback  dio_prog.o
    0x200000b8        -       0x00000020   Zero   RW           38    .bss.GPIO_ptrFuncportcIrqCallback  dio_prog.o
    0x200000d8        -       0x00000020   Zero   RW           39    .bss.GPIO_ptrFuncportdIrqCallback  dio_prog.o
    0x200000f8        -       0x00000018   Zero   RW           40    .bss.GPIO_ptrFuncporteIrqCallback  dio_prog.o
    0x20000110        -       0x00000020   Zero   RW           41    .bss.GPIO_ptrFuncportfIrqCallback  dio_prog.o
    0x20000130        -       0x00000001   Zero   RW          114    .bss.allOnStatusFlag  app.o
    0x20000131        -       0x00000001   Zero   RW          112    .bss.blueStatusFlag  app.o
    0x20000132        -       0x00000001   Zero   RW          108    .bss.btn            app.o
    0x20000133        -       0x00000001   Zero   RW          113    .bss.greenStatusFlag  app.o
    0x20000134        -       0x00000001   Zero   RW          109    .bss.pressCounter   app.o
    0x20000135   0x00002308   0x00000003   PAD
    0x20000138        -       0x00000004   Zero   RW          134    .bss.ptrFucnSystickTrigger  systick_prog.o
    0x2000013c        -       0x00000001   Zero   RW          110    .bss.redStatusFlag  app.o
    0x2000013d        -       0x00000001   Zero   RW          111    .bss.systickFlag    app.o
    0x2000013e   0x00002308   0x00000002   PAD
    0x20000140        -       0x00000000   Zero   RW          148    HEAP                startup_tm4c123.o
    0x20000140        -       0x00000200   Zero   RW          147    STACK               startup_tm4c123.o


==============================================================================

Image component sizes


      Code (inc. data)   RO Data    RW Data    ZI Data      Debug   Object Name

       944          0          0          0          7       1498   app.o
      5484          0          0          0        184      11225   dio_prog.o
         0          0          0          9          0        993   led_config.o
       394          0          0          0          0       4297   led_prog.o
        20          0          0          0          0        391   main.o
         0          0          0          3          0       1066   push_btn_config.o
       394          0          0          0          0       4169   push_btn_prog.o
       276         24        620          0        512       5500   startup_tm4c123.o
        18          0          0          4          0       6641   system_tm4c123.o
         0          0          0          8          0        937   systick_config.o
       436          0          0          0          4       2522   systick_prog.o

    ----------------------------------------------------------------------
      7982         24        652         24        712      39239   Object Totals
         0          0         32          0          0          0   (incl. Generated)
        16          0          0          0          5          0   (incl. Padding)

    ----------------------------------------------------------------------

      Code (inc. data)   RO Data    RW Data    ZI Data      Debug   Library Member Name

         8          0          0          0          0         68   __main.o
         0          0          0          0          0          0   __rtentry.o
        12          0          0          0          0          0   __rtentry2.o
         6          0          0          0          0          0   __rtentry4.o
        52          8          0          0          0          0   __scatter.o
        26          0          0          0          0          0   __scatter_copy.o
        28          0          0          0          0          0   __scatter_zi.o
        18          0          0          0          0         80   exit.o
         6          0          0          0          0        152   heapauxi.o
         0          0          0          0          0          0   indicate_semi.o
         2          0          0          0          0          0   libinit.o
         6          0          0          0          0          0   libinit2.o
         2          0          0          0          0          0   libshutdown.o
         2          0          0          0          0          0   libshutdown2.o
         8          4          0          0         96         68   libspace.o
         2          0          0          0          0          0   rtexit.o
        10          0          0          0          0          0   rtexit2.o
        12          4          0          0          0         68   sys_exit.o
        74          0          0          0          0         80   sys_stackheap_outer.o
         2          0          0          0          0         68   use_no_semi.o
        26          0          0          0          0        116   fpinit.o

    ----------------------------------------------------------------------
       310         16          0          0         96        700   Library Totals
         8          0          0          0          0          0   (incl. Padding)

    ----------------------------------------------------------------------

      Code (inc. data)   RO Data    RW Data    ZI Data      Debug   Library Name

       276         16          0          0         96        584   c_w.l
        26          0          0          0          0        116   fz_wm.l

    ----------------------------------------------------------------------
       310         16          0          0         96        700   Library Totals

    ----------------------------------------------------------------------

==============================================================================


      Code (inc. data)   RO Data    RW Data    ZI Data      Debug   

      8292         40        652         24        808      39663   Grand Totals
      8292         40        652         24        808      39663   ELF Image Totals
      8292         40        652         24          0          0   ROM Totals

==============================================================================

    Total RO  Size (Code + RO Data)                 8944 (   8.73kB)
    Total RW  Size (RW Data + ZI Data)               832 (   0.81kB)
    Total ROM Size (Code + RO Data + RW Data)       8968 (   8.76kB)

==============================================================================

