<html>
<body>
<pre>
<h1>µVision Build Log</h1>
<h2>Tool Versions:</h2>
IDE-Version: µVision V5.29.0.0
Copyright (C) 2019 ARM Ltd and ARM Germany GmbH. All rights reserved.
License Information: Momen Hassan, Sprints, LIC=----
 
Tool Versions:
Toolchain:       MDK-Lite  Version: 5.29.0.0
Toolchain Path:  C:\Keil_v5\ARM\ARMCC\Bin
C Compiler:      Armcc.exe V5.06 update 6 (build 750)
Assembler:       Armasm.exe V5.06 update 6 (build 750)
Linker/Locator:  ArmLink.exe V5.06 update 6 (build 750)
Library Manager: ArmAr.exe V5.06 update 6 (build 750)
Hex Converter:   FromElf.exe V5.06 update 6 (build 750)
CPU DLL:         SARMCM3.DLL V5.29.0.0
Dialog DLL:      DCM.DLL V1.17.3.0
Target DLL:      lmidk-agdi.dll V???
Dialog DLL:      TCM.DLL V1.36.5.0
 
<h2>Project:</h2>
C:\Users\Speed\Documents\gpio\gpio.uvprojx
Project File Date:  06/18/2023

<h2>Output:</h2>
*** Using Compiler 'V5.06 update 6 (build 750)', folder: 'C:\Keil_v5\ARM\ARMCC\Bin'
Build target 'Target 1'
compiling main.c...
..\STD_TYPES.h(25): warning:  #1-D: last line of file ends without a newline
  #endif 
..\BIT_MATH.h(11): warning:  #1-D: last line of file ends without a newline
  #endif /* BITMATH_H_ */
..\Mcu_Hw.h(40): warning:  #1-D: last line of file ends without a newline
  	
..\port_lcfg.h(89): warning:  #1-D: last line of file ends without a newline
  #endif /* PORT_TYPES_H */
..\Mcu_Hw.h(40): warning:  #1-D: last line of file ends without a newline
  	
..\Mcu_Hw.h(40): warning:  #1-D: last line of file ends without a newline
  	
..\Mcu_Hw.h(40): warning:  #1-D: last line of file ends without a newline
  	
..\Mcu_Hw.h(40): warning:  #1-D: last line of file ends without a newline
  	
..\main.c(17): warning:  #1-D: last line of file ends without a newline
  }
..\main.c: 9 warnings, 0 errors
linking...
Program Size: Code=3668 RO-data=724 RW-data=16 ZI-data=800  
FromELF: creating hex file...
".\Objects\gpio.axf" - 0 Error(s), 9 Warning(s).

<h2>Software Packages used:</h2>

Package Vendor: ARM
                http://www.keil.com/pack/ARM.CMSIS.5.9.0.pack
                ARM.CMSIS.5.9.0
                CMSIS (Common Microcontroller Software Interface Standard)
   * Component: CORE Version: 5.6.0

Package Vendor: Keil
                http://www.keil.com/pack/Keil.TM4C_DFP.1.1.0.pack
                Keil.TM4C_DFP.1.1.0
                Texas Instruments Tiva C Series Device Support and Examples
   * Component: Startup Version: 1.0.1

<h2>Collection of Component include folders:</h2>
  .\RTE\_Target_1
  C:\Users\Speed\AppData\Local\Arm\Packs\ARM\CMSIS\5.9.0\CMSIS\Core\Include
  C:\Users\Speed\AppData\Local\Arm\Packs\Keil\TM4C_DFP\1.1.0\Device\Include\TM4C123

<h2>Collection of Component Files used:</h2>

   * Component: ARM::CMSIS:CORE:5.6.0

   * Component: Keil::Device:Startup:1.0.1
      Source file:   Device\Source\ARM\startup_TM4C123.s
      Source file:   Device\Source\system_TM4C123.c
      Include file:  Device\Include\TM4C123\TM4C123.h
Build Time Elapsed:  00:00:00
</pre>
</body>
</html>
