Archive member included to satisfy reference by file (symbol)

c:/program files (x86)/atmel/studio/7.0/toolchain/avr8/avr8-gnu-toolchain/bin/../lib/gcc/avr/5.4.0/avr35\libgcc.a(_exit.o)
                              C:/Program Files (x86)/Atmel/Studio/7.0/Packs/atmel/ATmega_DFP/1.7.374/gcc/dev/atmega32u2/avr35/crtatmega32u2.o (exit)
c:/program files (x86)/atmel/studio/7.0/toolchain/avr8/avr8-gnu-toolchain/bin/../lib/gcc/avr/5.4.0/avr35\libgcc.a(_tablejump2.o)
                              MCAL/timer/timer0/timer0_prog.o (__tablejump2__)
c:/program files (x86)/atmel/studio/7.0/toolchain/avr8/avr8-gnu-toolchain/bin/../lib/gcc/avr/5.4.0/avr35\libgcc.a(_copy_data.o)
                              APPLICATION/app.o (__do_copy_data)
c:/program files (x86)/atmel/studio/7.0/toolchain/avr8/avr8-gnu-toolchain/bin/../lib/gcc/avr/5.4.0/avr35\libgcc.a(_clear_bss.o)
                              APPLICATION/app.o (__do_clear_bss)

Allocating common symbols
Common symbol       size              file

g_u32_number_of_ovf
                    0x4               MCAL/timer/timer0/timer0_prog.o

Discarded input sections

 .data          0x00000000        0x0 C:/Program Files (x86)/Atmel/Studio/7.0/Packs/atmel/ATmega_DFP/1.7.374/gcc/dev/atmega32u2/avr35/crtatmega32u2.o
 .bss           0x00000000        0x0 C:/Program Files (x86)/Atmel/Studio/7.0/Packs/atmel/ATmega_DFP/1.7.374/gcc/dev/atmega32u2/avr35/crtatmega32u2.o
 .text          0x00000000        0x0 APPLICATION/app.o
 .data          0x00000000        0x0 APPLICATION/app.o
 .bss           0x00000000        0x0 APPLICATION/app.o
 .text          0x00000000        0x0 ECUAL/led/led_prog.o
 .data          0x00000000        0x0 ECUAL/led/led_prog.o
 .bss           0x00000000        0x0 ECUAL/led/led_prog.o
 .text.LED_toggle
                0x00000000       0x52 ECUAL/led/led_prog.o
 .text          0x00000000        0x0 ECUAL/push_button/pb_prog.o
 .data          0x00000000        0x0 ECUAL/push_button/pb_prog.o
 .bss           0x00000000        0x0 ECUAL/push_button/pb_prog.o
 .text          0x00000000        0x0 main.o
 .data          0x00000000        0x0 main.o
 .bss           0x00000000        0x0 main.o
 .text          0x00000000        0x0 MCAL/dio/dio_prog.o
 .data          0x00000000        0x0 MCAL/dio/dio_prog.o
 .bss           0x00000000        0x0 MCAL/dio/dio_prog.o
 .text.GPIO_pin_get_direction_status
                0x00000000       0x4a MCAL/dio/dio_prog.o
 .text.GPIO_pin_toggle_logic
                0x00000000       0x52 MCAL/dio/dio_prog.o
 .text.GPIO_port_direction_intialize
                0x00000000       0x20 MCAL/dio/dio_prog.o
 .text.GPIO_port_get_direction_status
                0x00000000       0x2e MCAL/dio/dio_prog.o
 .text.GPIO_port_write_logic
                0x00000000       0x20 MCAL/dio/dio_prog.o
 .text.GPIO_port_read_logic
                0x00000000       0x2e MCAL/dio/dio_prog.o
 .text.GPIO_port_toggle_logic
                0x00000000       0x24 MCAL/dio/dio_prog.o
 .text          0x00000000        0x0 MCAL/exti/exti_prog.o
 .data          0x00000000        0x0 MCAL/exti/exti_prog.o
 .bss           0x00000000        0x0 MCAL/exti/exti_prog.o
 .text.EXT_vINTERRUPT_Denit
                0x00000000       0x3a MCAL/exti/exti_prog.o
 .text          0x00000000        0x0 MCAL/mcu_cfg/mcu_prog.o
 .data          0x00000000        0x0 MCAL/mcu_cfg/mcu_prog.o
 .bss           0x00000000        0x0 MCAL/mcu_cfg/mcu_prog.o
 .text          0x00000000        0x0 MCAL/timer/timer0/timer0_prog.o
 .data          0x00000000        0x0 MCAL/timer/timer0/timer0_prog.o
 .bss           0x00000000        0x0 MCAL/timer/timer0/timer0_prog.o
 .text.TIMER0_set_tcnt
                0x00000000        0x6 MCAL/timer/timer0/timer0_prog.o
 .text.TIMER0_set_ocr
                0x00000000        0x6 MCAL/timer/timer0/timer0_prog.o
 .text.TIMER0_sync_delay_ms
                0x00000000      0x10c MCAL/timer/timer0/timer0_prog.o
 .text          0x00000000        0x0 c:/program files (x86)/atmel/studio/7.0/toolchain/avr8/avr8-gnu-toolchain/bin/../lib/gcc/avr/5.4.0/avr35\libgcc.a(_exit.o)
 .data          0x00000000        0x0 c:/program files (x86)/atmel/studio/7.0/toolchain/avr8/avr8-gnu-toolchain/bin/../lib/gcc/avr/5.4.0/avr35\libgcc.a(_exit.o)
 .bss           0x00000000        0x0 c:/program files (x86)/atmel/studio/7.0/toolchain/avr8/avr8-gnu-toolchain/bin/../lib/gcc/avr/5.4.0/avr35\libgcc.a(_exit.o)
 .text.libgcc.mul
                0x00000000        0x0 c:/program files (x86)/atmel/studio/7.0/toolchain/avr8/avr8-gnu-toolchain/bin/../lib/gcc/avr/5.4.0/avr35\libgcc.a(_exit.o)
 .text.libgcc.div
                0x00000000        0x0 c:/program files (x86)/atmel/studio/7.0/toolchain/avr8/avr8-gnu-toolchain/bin/../lib/gcc/avr/5.4.0/avr35\libgcc.a(_exit.o)
 .text.libgcc   0x00000000        0x0 c:/program files (x86)/atmel/studio/7.0/toolchain/avr8/avr8-gnu-toolchain/bin/../lib/gcc/avr/5.4.0/avr35\libgcc.a(_exit.o)
 .text.libgcc.prologue
                0x00000000        0x0 c:/program files (x86)/atmel/studio/7.0/toolchain/avr8/avr8-gnu-toolchain/bin/../lib/gcc/avr/5.4.0/avr35\libgcc.a(_exit.o)
 .text.libgcc.builtins
                0x00000000        0x0 c:/program files (x86)/atmel/studio/7.0/toolchain/avr8/avr8-gnu-toolchain/bin/../lib/gcc/avr/5.4.0/avr35\libgcc.a(_exit.o)
 .text.libgcc.fmul
                0x00000000        0x0 c:/program files (x86)/atmel/studio/7.0/toolchain/avr8/avr8-gnu-toolchain/bin/../lib/gcc/avr/5.4.0/avr35\libgcc.a(_exit.o)
 .text.libgcc.fixed
                0x00000000        0x0 c:/program files (x86)/atmel/studio/7.0/toolchain/avr8/avr8-gnu-toolchain/bin/../lib/gcc/avr/5.4.0/avr35\libgcc.a(_exit.o)
 .text          0x00000000        0x0 c:/program files (x86)/atmel/studio/7.0/toolchain/avr8/avr8-gnu-toolchain/bin/../lib/gcc/avr/5.4.0/avr35\libgcc.a(_tablejump2.o)
 .data          0x00000000        0x0 c:/program files (x86)/atmel/studio/7.0/toolchain/avr8/avr8-gnu-toolchain/bin/../lib/gcc/avr/5.4.0/avr35\libgcc.a(_tablejump2.o)
 .bss           0x00000000        0x0 c:/program files (x86)/atmel/studio/7.0/toolchain/avr8/avr8-gnu-toolchain/bin/../lib/gcc/avr/5.4.0/avr35\libgcc.a(_tablejump2.o)
 .text.libgcc.mul
                0x00000000        0x0 c:/program files (x86)/atmel/studio/7.0/toolchain/avr8/avr8-gnu-toolchain/bin/../lib/gcc/avr/5.4.0/avr35\libgcc.a(_tablejump2.o)
 .text.libgcc.div
                0x00000000        0x0 c:/program files (x86)/atmel/studio/7.0/toolchain/avr8/avr8-gnu-toolchain/bin/../lib/gcc/avr/5.4.0/avr35\libgcc.a(_tablejump2.o)
 .text.libgcc.prologue
                0x00000000        0x0 c:/program files (x86)/atmel/studio/7.0/toolchain/avr8/avr8-gnu-toolchain/bin/../lib/gcc/avr/5.4.0/avr35\libgcc.a(_tablejump2.o)
 .text.libgcc.builtins
                0x00000000        0x0 c:/program files (x86)/atmel/studio/7.0/toolchain/avr8/avr8-gnu-toolchain/bin/../lib/gcc/avr/5.4.0/avr35\libgcc.a(_tablejump2.o)
 .text.libgcc.fmul
                0x00000000        0x0 c:/program files (x86)/atmel/studio/7.0/toolchain/avr8/avr8-gnu-toolchain/bin/../lib/gcc/avr/5.4.0/avr35\libgcc.a(_tablejump2.o)
 .text.libgcc.fixed
                0x00000000        0x0 c:/program files (x86)/atmel/studio/7.0/toolchain/avr8/avr8-gnu-toolchain/bin/../lib/gcc/avr/5.4.0/avr35\libgcc.a(_tablejump2.o)
 .text          0x00000000        0x0 c:/program files (x86)/atmel/studio/7.0/toolchain/avr8/avr8-gnu-toolchain/bin/../lib/gcc/avr/5.4.0/avr35\libgcc.a(_copy_data.o)
 .data          0x00000000        0x0 c:/program files (x86)/atmel/studio/7.0/toolchain/avr8/avr8-gnu-toolchain/bin/../lib/gcc/avr/5.4.0/avr35\libgcc.a(_copy_data.o)
 .bss           0x00000000        0x0 c:/program files (x86)/atmel/studio/7.0/toolchain/avr8/avr8-gnu-toolchain/bin/../lib/gcc/avr/5.4.0/avr35\libgcc.a(_copy_data.o)
 .text.libgcc.mul
                0x00000000        0x0 c:/program files (x86)/atmel/studio/7.0/toolchain/avr8/avr8-gnu-toolchain/bin/../lib/gcc/avr/5.4.0/avr35\libgcc.a(_copy_data.o)
 .text.libgcc.div
                0x00000000        0x0 c:/program files (x86)/atmel/studio/7.0/toolchain/avr8/avr8-gnu-toolchain/bin/../lib/gcc/avr/5.4.0/avr35\libgcc.a(_copy_data.o)
 .text.libgcc   0x00000000        0x0 c:/program files (x86)/atmel/studio/7.0/toolchain/avr8/avr8-gnu-toolchain/bin/../lib/gcc/avr/5.4.0/avr35\libgcc.a(_copy_data.o)
 .text.libgcc.prologue
                0x00000000        0x0 c:/program files (x86)/atmel/studio/7.0/toolchain/avr8/avr8-gnu-toolchain/bin/../lib/gcc/avr/5.4.0/avr35\libgcc.a(_copy_data.o)
 .text.libgcc.builtins
                0x00000000        0x0 c:/program files (x86)/atmel/studio/7.0/toolchain/avr8/avr8-gnu-toolchain/bin/../lib/gcc/avr/5.4.0/avr35\libgcc.a(_copy_data.o)
 .text.libgcc.fmul
                0x00000000        0x0 c:/program files (x86)/atmel/studio/7.0/toolchain/avr8/avr8-gnu-toolchain/bin/../lib/gcc/avr/5.4.0/avr35\libgcc.a(_copy_data.o)
 .text.libgcc.fixed
                0x00000000        0x0 c:/program files (x86)/atmel/studio/7.0/toolchain/avr8/avr8-gnu-toolchain/bin/../lib/gcc/avr/5.4.0/avr35\libgcc.a(_copy_data.o)
 .text          0x00000000        0x0 c:/program files (x86)/atmel/studio/7.0/toolchain/avr8/avr8-gnu-toolchain/bin/../lib/gcc/avr/5.4.0/avr35\libgcc.a(_clear_bss.o)
 .data          0x00000000        0x0 c:/program files (x86)/atmel/studio/7.0/toolchain/avr8/avr8-gnu-toolchain/bin/../lib/gcc/avr/5.4.0/avr35\libgcc.a(_clear_bss.o)
 .bss           0x00000000        0x0 c:/program files (x86)/atmel/studio/7.0/toolchain/avr8/avr8-gnu-toolchain/bin/../lib/gcc/avr/5.4.0/avr35\libgcc.a(_clear_bss.o)
 .text.libgcc.mul
                0x00000000        0x0 c:/program files (x86)/atmel/studio/7.0/toolchain/avr8/avr8-gnu-toolchain/bin/../lib/gcc/avr/5.4.0/avr35\libgcc.a(_clear_bss.o)
 .text.libgcc.div
                0x00000000        0x0 c:/program files (x86)/atmel/studio/7.0/toolchain/avr8/avr8-gnu-toolchain/bin/../lib/gcc/avr/5.4.0/avr35\libgcc.a(_clear_bss.o)
 .text.libgcc   0x00000000        0x0 c:/program files (x86)/atmel/studio/7.0/toolchain/avr8/avr8-gnu-toolchain/bin/../lib/gcc/avr/5.4.0/avr35\libgcc.a(_clear_bss.o)
 .text.libgcc.prologue
                0x00000000        0x0 c:/program files (x86)/atmel/studio/7.0/toolchain/avr8/avr8-gnu-toolchain/bin/../lib/gcc/avr/5.4.0/avr35\libgcc.a(_clear_bss.o)
 .text.libgcc.builtins
                0x00000000        0x0 c:/program files (x86)/atmel/studio/7.0/toolchain/avr8/avr8-gnu-toolchain/bin/../lib/gcc/avr/5.4.0/avr35\libgcc.a(_clear_bss.o)
 .text.libgcc.fmul
                0x00000000        0x0 c:/program files (x86)/atmel/studio/7.0/toolchain/avr8/avr8-gnu-toolchain/bin/../lib/gcc/avr/5.4.0/avr35\libgcc.a(_clear_bss.o)
 .text.libgcc.fixed
                0x00000000        0x0 c:/program files (x86)/atmel/studio/7.0/toolchain/avr8/avr8-gnu-toolchain/bin/../lib/gcc/avr/5.4.0/avr35\libgcc.a(_clear_bss.o)

Memory Configuration

Name             Origin             Length             Attributes
text             0x00000000         0x00008000         xr
data             0x00800100         0x00000400         rw !x
eeprom           0x00810000         0x00000400         rw !x
fuse             0x00820000         0x00000003         rw !x
lock             0x00830000         0x00000400         rw !x
signature        0x00840000         0x00000400         rw !x
user_signatures  0x00850000         0x00000400         rw !x
*default*        0x00000000         0xffffffff

Linker script and memory map

Address of section .data set to 0x800100
LOAD C:/Program Files (x86)/Atmel/Studio/7.0/Packs/atmel/ATmega_DFP/1.7.374/gcc/dev/atmega32u2/avr35/crtatmega32u2.o
LOAD APPLICATION/app.o
LOAD ECUAL/led/led_prog.o
LOAD ECUAL/push_button/pb_prog.o
LOAD main.o
LOAD MCAL/dio/dio_prog.o
LOAD MCAL/exti/exti_prog.o
LOAD MCAL/mcu_cfg/mcu_prog.o
LOAD MCAL/timer/timer0/timer0_prog.o
START GROUP
LOAD c:/program files (x86)/atmel/studio/7.0/toolchain/avr8/avr8-gnu-toolchain/bin/../lib/gcc/avr/5.4.0/../../../../avr/lib/avr35\libm.a
END GROUP
START GROUP
LOAD c:/program files (x86)/atmel/studio/7.0/toolchain/avr8/avr8-gnu-toolchain/bin/../lib/gcc/avr/5.4.0/avr35\libgcc.a
LOAD c:/program files (x86)/atmel/studio/7.0/toolchain/avr8/avr8-gnu-toolchain/bin/../lib/gcc/avr/5.4.0/../../../../avr/lib/avr35\libm.a
LOAD c:/program files (x86)/atmel/studio/7.0/toolchain/avr8/avr8-gnu-toolchain/bin/../lib/gcc/avr/5.4.0/../../../../avr/lib/avr35\libc.a
LOAD C:/Program Files (x86)/Atmel/Studio/7.0/Packs/atmel/ATmega_DFP/1.7.374/gcc/dev/atmega32u2/avr35\libatmega32u2.a
END GROUP
                0x00000000                __TEXT_REGION_ORIGIN__ = DEFINED (__TEXT_REGION_ORIGIN__)?__TEXT_REGION_ORIGIN__:0x0
                [0x00800100]                __DATA_REGION_ORIGIN__ = DEFINED (__DATA_REGION_ORIGIN__)?__DATA_REGION_ORIGIN__:0x800060
                [0x00008000]                __TEXT_REGION_LENGTH__ = DEFINED (__TEXT_REGION_LENGTH__)?__TEXT_REGION_LENGTH__:0x10000
                [0x00000400]                __DATA_REGION_LENGTH__ = DEFINED (__DATA_REGION_LENGTH__)?__DATA_REGION_LENGTH__:0xffa0
                [0x00000400]                __EEPROM_REGION_LENGTH__ = DEFINED (__EEPROM_REGION_LENGTH__)?__EEPROM_REGION_LENGTH__:0x10000
                [0x00000003]                __FUSE_REGION_LENGTH__ = DEFINED (__FUSE_REGION_LENGTH__)?__FUSE_REGION_LENGTH__:0x400
                0x00000400                __LOCK_REGION_LENGTH__ = DEFINED (__LOCK_REGION_LENGTH__)?__LOCK_REGION_LENGTH__:0x400
                0x00000400                __SIGNATURE_REGION_LENGTH__ = DEFINED (__SIGNATURE_REGION_LENGTH__)?__SIGNATURE_REGION_LENGTH__:0x400
                0x00000400                __USER_SIGNATURE_REGION_LENGTH__ = DEFINED (__USER_SIGNATURE_REGION_LENGTH__)?__USER_SIGNATURE_REGION_LENGTH__:0x400

.hash
 *(.hash)

.dynsym
 *(.dynsym)

.dynstr
 *(.dynstr)

.gnu.version
 *(.gnu.version)

.gnu.version_d
 *(.gnu.version_d)

.gnu.version_r
 *(.gnu.version_r)

.rel.init
 *(.rel.init)

.rela.init
 *(.rela.init)

.rel.text
 *(.rel.text)
 *(.rel.text.*)
 *(.rel.gnu.linkonce.t*)

.rela.text
 *(.rela.text)
 *(.rela.text.*)
 *(.rela.gnu.linkonce.t*)

.rel.fini
 *(.rel.fini)

.rela.fini
 *(.rela.fini)

.rel.rodata
 *(.rel.rodata)
 *(.rel.rodata.*)
 *(.rel.gnu.linkonce.r*)

.rela.rodata
 *(.rela.rodata)
 *(.rela.rodata.*)
 *(.rela.gnu.linkonce.r*)

.rel.data
 *(.rel.data)
 *(.rel.data.*)
 *(.rel.gnu.linkonce.d*)

.rela.data
 *(.rela.data)
 *(.rela.data.*)
 *(.rela.gnu.linkonce.d*)

.rel.ctors
 *(.rel.ctors)

.rela.ctors
 *(.rela.ctors)

.rel.dtors
 *(.rel.dtors)

.rela.dtors
 *(.rela.dtors)

.rel.got
 *(.rel.got)

.rela.got
 *(.rela.got)

.rel.bss
 *(.rel.bss)

.rela.bss
 *(.rela.bss)

.rel.plt
 *(.rel.plt)

.rela.plt
 *(.rela.plt)

.text           0x00000000      0xfe6
 *(.vectors)
 .vectors       0x00000000       0x74 C:/Program Files (x86)/Atmel/Studio/7.0/Packs/atmel/ATmega_DFP/1.7.374/gcc/dev/atmega32u2/avr35/crtatmega32u2.o
                0x00000000                __vector_default
                0x00000000                __vectors
 *(.vectors)
 *(.progmem.gcc*)
 .progmem.gcc_sw_table.TIMER0_init
                0x00000074       0x10 MCAL/timer/timer0/timer0_prog.o
 .progmem.gcc_sw_table.TIMER0_start
                0x00000084       0x10 MCAL/timer/timer0/timer0_prog.o
                0x00000094                . = ALIGN (0x2)
                0x00000094                __trampolines_start = .
 *(.trampolines)
 .trampolines   0x00000094        0x0 linker stubs
 *(.trampolines*)
                0x00000094                __trampolines_end = .
 *libprintf_flt.a:*(.progmem.data)
 *libc.a:*(.progmem.data)
 *(.progmem*)
                0x00000094                . = ALIGN (0x2)
 *(.jumptables)
 *(.jumptables*)
 *(.lowtext)
 *(.lowtext*)
                0x00000094                __ctors_start = .
 *(.ctors)
                0x00000094                __ctors_end = .
                0x00000094                __dtors_start = .
 *(.dtors)
                0x00000094                __dtors_end = .
 SORT(*)(.ctors)
 SORT(*)(.dtors)
 *(.init0)
 .init0         0x00000094        0x0 C:/Program Files (x86)/Atmel/Studio/7.0/Packs/atmel/ATmega_DFP/1.7.374/gcc/dev/atmega32u2/avr35/crtatmega32u2.o
                0x00000094                __init
 *(.init0)
 *(.init1)
 *(.init1)
 *(.init2)
 .init2         0x00000094        0xc C:/Program Files (x86)/Atmel/Studio/7.0/Packs/atmel/ATmega_DFP/1.7.374/gcc/dev/atmega32u2/avr35/crtatmega32u2.o
 *(.init2)
 *(.init3)
 *(.init3)
 *(.init4)
 .init4         0x000000a0       0x16 c:/program files (x86)/atmel/studio/7.0/toolchain/avr8/avr8-gnu-toolchain/bin/../lib/gcc/avr/5.4.0/avr35\libgcc.a(_copy_data.o)
                0x000000a0                __do_copy_data
 .init4         0x000000b6       0x10 c:/program files (x86)/atmel/studio/7.0/toolchain/avr8/avr8-gnu-toolchain/bin/../lib/gcc/avr/5.4.0/avr35\libgcc.a(_clear_bss.o)
                0x000000b6                __do_clear_bss
 *(.init4)
 *(.init5)
 *(.init5)
 *(.init6)
 *(.init6)
 *(.init7)
 *(.init7)
 *(.init8)
 *(.init8)
 *(.init9)
 .init9         0x000000c6        0x8 C:/Program Files (x86)/Atmel/Studio/7.0/Packs/atmel/ATmega_DFP/1.7.374/gcc/dev/atmega32u2/avr35/crtatmega32u2.o
 *(.init9)
 *(.text)
 .text          0x000000ce        0x4 C:/Program Files (x86)/Atmel/Studio/7.0/Packs/atmel/ATmega_DFP/1.7.374/gcc/dev/atmega32u2/avr35/crtatmega32u2.o
                0x000000ce                __vector_22
                0x000000ce                __vector_28
                0x000000ce                __vector_24
                0x000000ce                __vector_12
                0x000000ce                __bad_interrupt
                0x000000ce                __vector_6
                0x000000ce                __vector_23
                0x000000ce                __vector_25
                0x000000ce                __vector_13
                0x000000ce                __vector_17
                0x000000ce                __vector_19
                0x000000ce                __vector_7
                0x000000ce                __vector_27
                0x000000ce                __vector_5
                0x000000ce                __vector_4
                0x000000ce                __vector_9
                0x000000ce                __vector_21
                0x000000ce                __vector_15
                0x000000ce                __vector_8
                0x000000ce                __vector_26
                0x000000ce                __vector_14
                0x000000ce                __vector_16
                0x000000ce                __vector_18
                0x000000ce                __vector_20
                0x000000d2                . = ALIGN (0x2)
 *(.text.*)
 .text.INT2_ISR_HANDELER
                0x000000d2       0x16 APPLICATION/app.o
 .text.timer0_callback
                0x000000e8        0x6 APPLICATION/app.o
 .text.seq_change
                0x000000ee       0x14 APPLICATION/app.o
 .text.BlinkModes
                0x00000102      0x448 APPLICATION/app.o
                0x00000102                BlinkModes
 .text.appmain  0x0000054a       0xf6 APPLICATION/app.o
                0x0000054a                appmain
 .text.LED_initialize
                0x00000640       0x52 ECUAL/led/led_prog.o
                0x00000640                LED_initialize
 .text.LED_turn_on
                0x00000692       0x54 ECUAL/led/led_prog.o
                0x00000692                LED_turn_on
 .text.LED_turn_off
                0x000006e6       0x54 ECUAL/led/led_prog.o
                0x000006e6                LED_turn_off
 .text.PUSH_BTN_intialize
                0x0000073a        0xe ECUAL/push_button/pb_prog.o
                0x0000073a                PUSH_BTN_intialize
 .text.PUSH_BTN_read_state
                0x00000748       0x76 ECUAL/push_button/pb_prog.o
                0x00000748                PUSH_BTN_read_state
 .text.main     0x000007be        0xa main.o
                0x000007be                main
 .text.GPIO_pin_direction_intialize
                0x000007c8       0x82 MCAL/dio/dio_prog.o
                0x000007c8                GPIO_pin_direction_intialize
 .text.GPIO_pin_write_logic
                0x0000084a       0x80 MCAL/dio/dio_prog.o
                0x0000084a                GPIO_pin_write_logic
 .text.GPIO_pin_read_logic
                0x000008ca       0x4a MCAL/dio/dio_prog.o
                0x000008ca                GPIO_pin_read_logic
 .text.GPIO_pin_intialize
                0x00000914       0x26 MCAL/dio/dio_prog.o
                0x00000914                GPIO_pin_intialize
 .text.EXT0_INTERRUPT_SetInterruptHandler
                0x0000093a       0x14 MCAL/exti/exti_prog.o
 .text.EXT1_INTERRUPT_SetInterruptHandler
                0x0000094e       0x14 MCAL/exti/exti_prog.o
 .text.EXT2_INTERRUPT_SetInterruptHandler
                0x00000962       0x14 MCAL/exti/exti_prog.o
 .text.EXT_vINTERRUPT_Init
                0x00000976      0x12c MCAL/exti/exti_prog.o
                0x00000976                EXT_vINTERRUPT_Init
 .text.EXT_INTERRUPT_SetInterruptHandler
                0x00000aa2       0x3a MCAL/exti/exti_prog.o
                0x00000aa2                EXT_INTERRUPT_SetInterruptHandler
 .text.__vector_1
                0x00000adc       0x4e MCAL/exti/exti_prog.o
                0x00000adc                __vector_1
 .text.__vector_2
                0x00000b2a       0x4e MCAL/exti/exti_prog.o
                0x00000b2a                __vector_2
 .text.__vector_3
                0x00000b78       0x4e MCAL/exti/exti_prog.o
                0x00000b78                __vector_3
 .text.MCU_vEnableInterrupt
                0x00000bc6        0x8 MCAL/mcu_cfg/mcu_prog.o
                0x00000bc6                MCU_vEnableInterrupt
 .text.timer0_set_ovf_isr
                0x00000bce       0x14 MCAL/timer/timer0/timer0_prog.o
 .text.timer0_set_ctc_isr
                0x00000be2       0x14 MCAL/timer/timer0/timer0_prog.o
 .text.TIMER0_init
                0x00000bf6      0x168 MCAL/timer/timer0/timer0_prog.o
                0x00000bf6                TIMER0_init
 .text.TIMER0_start
                0x00000d5e       0x90 MCAL/timer/timer0/timer0_prog.o
                0x00000d5e                TIMER0_start
 .text.TIMER0_stop
                0x00000dee        0xa MCAL/timer/timer0/timer0_prog.o
                0x00000dee                TIMER0_stop
 .text.TIMER0_delay_ms
                0x00000df8       0xd4 MCAL/timer/timer0/timer0_prog.o
                0x00000df8                TIMER0_delay_ms
 .text.__vector_11
                0x00000ecc       0xbc MCAL/timer/timer0/timer0_prog.o
                0x00000ecc                __vector_11
 .text.__vector_10
                0x00000f88       0x4e MCAL/timer/timer0/timer0_prog.o
                0x00000f88                __vector_10
 .text.libgcc   0x00000fd6        0xc c:/program files (x86)/atmel/studio/7.0/toolchain/avr8/avr8-gnu-toolchain/bin/../lib/gcc/avr/5.4.0/avr35\libgcc.a(_tablejump2.o)
                0x00000fd6                __tablejump2__
                0x00000fe2                . = ALIGN (0x2)
 *(.fini9)
 .fini9         0x00000fe2        0x0 c:/program files (x86)/atmel/studio/7.0/toolchain/avr8/avr8-gnu-toolchain/bin/../lib/gcc/avr/5.4.0/avr35\libgcc.a(_exit.o)
                0x00000fe2                _exit
                0x00000fe2                exit
 *(.fini9)
 *(.fini8)
 *(.fini8)
 *(.fini7)
 *(.fini7)
 *(.fini6)
 *(.fini6)
 *(.fini5)
 *(.fini5)
 *(.fini4)
 *(.fini4)
 *(.fini3)
 *(.fini3)
 *(.fini2)
 *(.fini2)
 *(.fini1)
 *(.fini1)
 *(.fini0)
 .fini0         0x00000fe2        0x4 c:/program files (x86)/atmel/studio/7.0/toolchain/avr8/avr8-gnu-toolchain/bin/../lib/gcc/avr/5.4.0/avr35\libgcc.a(_exit.o)
 *(.fini0)
                0x00000fe6                _etext = .

.data           0x00800100       0x2e load address 0x00000fe6
                0x00800100                PROVIDE (__data_start, .)
 *(.data)
 *(.data*)
 .data.timer0   0x00800100        0x8 APPLICATION/app.o
 .data.int2     0x00800108        0x4 APPLICATION/app.o
 .data.btn0     0x0080010c        0x3 APPLICATION/app.o
 .data.led3     0x0080010f        0x1 APPLICATION/app.o
 .data.led2     0x00800110        0x1 APPLICATION/app.o
 .data.led1     0x00800111        0x1 APPLICATION/app.o
 .data.led0     0x00800112        0x1 APPLICATION/app.o
 .data.seq_counter_btn
                0x00800113        0x1 APPLICATION/app.o
 .data.blankCounter
                0x00800114        0x1 APPLICATION/app.o
 .data.enu_timer_state_flag
                0x00800115        0x1 APPLICATION/app.o
 .data.pin_registers
                0x00800116        0x8 MCAL/dio/dio_prog.o
                0x00800116                pin_registers
 .data.port_registers
                0x0080011e        0x8 MCAL/dio/dio_prog.o
                0x0080011e                port_registers
 .data.ddr_registers
                0x00800126        0x8 MCAL/dio/dio_prog.o
                0x00800126                ddr_registers
 *(.gnu.linkonce.d*)
 *(.rodata)
 *(.rodata*)
 *(.gnu.linkonce.r*)
                0x0080012e                . = ALIGN (0x2)
                0x0080012e                _edata = .
                0x0080012e                PROVIDE (__data_end, .)

.bss            0x0080012e       0x18
                0x0080012e                PROVIDE (__bss_start, .)
 *(.bss)
 *(.bss*)
 .bss.seqCounter
                0x0080012e        0x1 APPLICATION/app.o
 .bss.enu_blank_states
                0x0080012f        0x1 APPLICATION/app.o
 .bss.INT2_InterruptHandler
                0x00800130        0x2 MCAL/exti/exti_prog.o
 .bss.INT1_InterruptHandler
                0x00800132        0x2 MCAL/exti/exti_prog.o
 .bss.INT0_InterruptHandler
                0x00800134        0x2 MCAL/exti/exti_prog.o
 .bss.g_u32_isr_ovf_counter
                0x00800136        0x4 MCAL/timer/timer0/timer0_prog.o
                0x00800136                g_u32_isr_ovf_counter
 .bss.g_u64_polling_counter
                0x0080013a        0x4 MCAL/timer/timer0/timer0_prog.o
                0x0080013a                g_u64_polling_counter
 .bss.ptr_func_ctc_isr
                0x0080013e        0x2 MCAL/timer/timer0/timer0_prog.o
 .bss.ptr_func_overflow_isr
                0x00800140        0x2 MCAL/timer/timer0/timer0_prog.o
 *(COMMON)
 COMMON         0x00800142        0x4 MCAL/timer/timer0/timer0_prog.o
                0x00800142                g_u32_number_of_ovf
                0x00800146                PROVIDE (__bss_end, .)
                0x00000fe6                __data_load_start = LOADADDR (.data)
                0x00001014                __data_load_end = (__data_load_start + SIZEOF (.data))

.noinit         0x00800146        0x0
                [!provide]                PROVIDE (__noinit_start, .)
 *(.noinit*)
                [!provide]                PROVIDE (__noinit_end, .)
                0x00800146                _end = .
                [!provide]                PROVIDE (__heap_start, .)

.eeprom         0x00810000        0x0
 *(.eeprom*)
                0x00810000                __eeprom_end = .

.fuse
 *(.fuse)
 *(.lfuse)
 *(.hfuse)
 *(.efuse)

.lock
 *(.lock*)

.signature
 *(.signature*)

.user_signatures
 *(.user_signatures*)

.stab
 *(.stab)

.stabstr
 *(.stabstr)

.stab.excl
 *(.stab.excl)

.stab.exclstr
 *(.stab.exclstr)

.stab.index
 *(.stab.index)

.stab.indexstr
 *(.stab.indexstr)

.comment        0x00000000       0x30
 *(.comment)
 .comment       0x00000000       0x30 APPLICATION/app.o
                                 0x31 (size before relaxing)
 .comment       0x00000030       0x31 ECUAL/led/led_prog.o
 .comment       0x00000030       0x31 ECUAL/push_button/pb_prog.o
 .comment       0x00000030       0x31 main.o
 .comment       0x00000030       0x31 MCAL/dio/dio_prog.o
 .comment       0x00000030       0x31 MCAL/exti/exti_prog.o
 .comment       0x00000030       0x31 MCAL/mcu_cfg/mcu_prog.o
 .comment       0x00000030       0x31 MCAL/timer/timer0/timer0_prog.o

.note.gnu.avr.deviceinfo
                0x00000000       0x40
 .note.gnu.avr.deviceinfo
                0x00000000       0x40 C:/Program Files (x86)/Atmel/Studio/7.0/Packs/atmel/ATmega_DFP/1.7.374/gcc/dev/atmega32u2/avr35/crtatmega32u2.o

.note.gnu.build-id
 *(.note.gnu.build-id)

.debug
 *(.debug)

.line
 *(.line)

.debug_srcinfo
 *(.debug_srcinfo)

.debug_sfnames
 *(.debug_sfnames)

.debug_aranges  0x00000000      0x220
 *(.debug_aranges)
 .debug_aranges
                0x00000000       0x40 APPLICATION/app.o
 .debug_aranges
                0x00000040       0x38 ECUAL/led/led_prog.o
 .debug_aranges
                0x00000078       0x28 ECUAL/push_button/pb_prog.o
 .debug_aranges
                0x000000a0       0x20 main.o
 .debug_aranges
                0x000000c0       0x70 MCAL/dio/dio_prog.o
 .debug_aranges
                0x00000130       0x60 MCAL/exti/exti_prog.o
 .debug_aranges
                0x00000190       0x20 MCAL/mcu_cfg/mcu_prog.o
 .debug_aranges
                0x000001b0       0x70 MCAL/timer/timer0/timer0_prog.o

.debug_pubnames
 *(.debug_pubnames)

.debug_info     0x00000000     0x2d7c
 *(.debug_info .gnu.linkonce.wi.*)
 .debug_info    0x00000000      0x6ba C:/Program Files (x86)/Atmel/Studio/7.0/Packs/atmel/ATmega_DFP/1.7.374/gcc/dev/atmega32u2/avr35/crtatmega32u2.o
 .debug_info    0x000006ba     0x103e APPLICATION/app.o
 .debug_info    0x000016f8      0x361 ECUAL/led/led_prog.o
 .debug_info    0x00001a59      0x29f ECUAL/push_button/pb_prog.o
 .debug_info    0x00001cf8       0xba main.o
 .debug_info    0x00001db2      0x527 MCAL/dio/dio_prog.o
 .debug_info    0x000022d9      0x40c MCAL/exti/exti_prog.o
 .debug_info    0x000026e5       0xa6 MCAL/mcu_cfg/mcu_prog.o
 .debug_info    0x0000278b      0x5f1 MCAL/timer/timer0/timer0_prog.o

.debug_abbrev   0x00000000      0xf25
 *(.debug_abbrev)
 .debug_abbrev  0x00000000      0x65d C:/Program Files (x86)/Atmel/Studio/7.0/Packs/atmel/ATmega_DFP/1.7.374/gcc/dev/atmega32u2/avr35/crtatmega32u2.o
 .debug_abbrev  0x0000065d      0x162 APPLICATION/app.o
 .debug_abbrev  0x000007bf      0x113 ECUAL/led/led_prog.o
 .debug_abbrev  0x000008d2      0x14d ECUAL/push_button/pb_prog.o
 .debug_abbrev  0x00000a1f       0x65 main.o
 .debug_abbrev  0x00000a84      0x14b MCAL/dio/dio_prog.o
 .debug_abbrev  0x00000bcf      0x134 MCAL/exti/exti_prog.o
 .debug_abbrev  0x00000d03       0x51 MCAL/mcu_cfg/mcu_prog.o
 .debug_abbrev  0x00000d54      0x1d1 MCAL/timer/timer0/timer0_prog.o

.debug_line     0x00000000     0x190d
 *(.debug_line .debug_line.* .debug_line_end)
 .debug_line    0x00000000      0x145 C:/Program Files (x86)/Atmel/Studio/7.0/Packs/atmel/ATmega_DFP/1.7.374/gcc/dev/atmega32u2/avr35/crtatmega32u2.o
 .debug_line    0x00000145      0x6c0 APPLICATION/app.o
 .debug_line    0x00000805      0x1de ECUAL/led/led_prog.o
 .debug_line    0x000009e3      0x16e ECUAL/push_button/pb_prog.o
 .debug_line    0x00000b51       0x5f main.o
 .debug_line    0x00000bb0      0x347 MCAL/dio/dio_prog.o
 .debug_line    0x00000ef7      0x3ef MCAL/exti/exti_prog.o
 .debug_line    0x000012e6       0x7a MCAL/mcu_cfg/mcu_prog.o
 .debug_line    0x00001360      0x5ad MCAL/timer/timer0/timer0_prog.o

.debug_frame    0x00000000      0x584
 *(.debug_frame)
 .debug_frame   0x00000000       0x8c APPLICATION/app.o
 .debug_frame   0x0000008c       0x94 ECUAL/led/led_prog.o
 .debug_frame   0x00000120       0x58 ECUAL/push_button/pb_prog.o
 .debug_frame   0x00000178       0x24 main.o
 .debug_frame   0x0000019c       0xd0 MCAL/dio/dio_prog.o
 .debug_frame   0x0000026c      0x17c MCAL/exti/exti_prog.o
 .debug_frame   0x000003e8       0x24 MCAL/mcu_cfg/mcu_prog.o
 .debug_frame   0x0000040c      0x178 MCAL/timer/timer0/timer0_prog.o

.debug_str      0x00000000     0x15c6
 *(.debug_str)
 .debug_str     0x00000000      0x262 C:/Program Files (x86)/Atmel/Studio/7.0/Packs/atmel/ATmega_DFP/1.7.374/gcc/dev/atmega32u2/avr35/crtatmega32u2.o
 .debug_str     0x00000262      0xacd APPLICATION/app.o
                                0xb16 (size before relaxing)
 .debug_str     0x00000d2f       0x9b ECUAL/led/led_prog.o
                                0x325 (size before relaxing)
 .debug_str     0x00000dca       0x76 ECUAL/push_button/pb_prog.o
                                0x395 (size before relaxing)
 .debug_str     0x00000e40        0xc main.o
                                0x1fc (size before relaxing)
 .debug_str     0x00000e4c      0x11c MCAL/dio/dio_prog.o
                                0x461 (size before relaxing)
 .debug_str     0x00000f68      0x1ba MCAL/exti/exti_prog.o
                                0x53a (size before relaxing)
 .debug_str     0x00001122       0x1b MCAL/mcu_cfg/mcu_prog.o
                                0x21c (size before relaxing)
 .debug_str     0x0000113d      0x489 MCAL/timer/timer0/timer0_prog.o
                                0xa66 (size before relaxing)

.debug_loc      0x00000000     0x1cb8
 *(.debug_loc)
 .debug_loc     0x00000000      0x101 APPLICATION/app.o
 .debug_loc     0x00000101      0x348 ECUAL/led/led_prog.o
 .debug_loc     0x00000449      0x1d7 ECUAL/push_button/pb_prog.o
 .debug_loc     0x00000620      0x67d MCAL/dio/dio_prog.o
 .debug_loc     0x00000c9d      0x817 MCAL/exti/exti_prog.o
 .debug_loc     0x000014b4      0x804 MCAL/timer/timer0/timer0_prog.o

.debug_macinfo
 *(.debug_macinfo)

.debug_weaknames
 *(.debug_weaknames)

.debug_funcnames
 *(.debug_funcnames)

.debug_typenames
 *(.debug_typenames)

.debug_varnames
 *(.debug_varnames)

.debug_pubtypes
 *(.debug_pubtypes)

.debug_ranges   0x00000000      0x1a0
 *(.debug_ranges)
 .debug_ranges  0x00000000       0x30 APPLICATION/app.o
 .debug_ranges  0x00000030       0x28 ECUAL/led/led_prog.o
 .debug_ranges  0x00000058       0x18 ECUAL/push_button/pb_prog.o
 .debug_ranges  0x00000070       0x10 main.o
 .debug_ranges  0x00000080       0x60 MCAL/dio/dio_prog.o
 .debug_ranges  0x000000e0       0x50 MCAL/exti/exti_prog.o
 .debug_ranges  0x00000130       0x10 MCAL/mcu_cfg/mcu_prog.o
 .debug_ranges  0x00000140       0x60 MCAL/timer/timer0/timer0_prog.o

.debug_macro
 *(.debug_macro)
OUTPUT(led_sequance_v3.0.elf elf32-avr)
LOAD linker stubs
